Archive member included to satisfy reference by file (symbol)

/opt/st/stm32cubeide_1.5.1/plugins/com.st.stm32cube.ide.mcu.externaltools.gnu-tools-for-stm32.7-2018-q2-update.linux64_1.5.0.202011040924/tools/bin/../lib/gcc/arm-none-eabi/7.3.1/../../../../arm-none-eabi/lib/thumb/v7e-m/fpv4-sp/hard/libstdc++_nano.a(pure.o)
                              Core/Src/mainpp.o (__cxa_pure_virtual)
/opt/st/stm32cubeide_1.5.1/plugins/com.st.stm32cube.ide.mcu.externaltools.gnu-tools-for-stm32.7-2018-q2-update.linux64_1.5.0.202011040924/tools/bin/../lib/gcc/arm-none-eabi/7.3.1/../../../../arm-none-eabi/lib/thumb/v7e-m/fpv4-sp/hard/libstdc++_nano.a(eh_terminate.o)
                              /opt/st/stm32cubeide_1.5.1/plugins/com.st.stm32cube.ide.mcu.externaltools.gnu-tools-for-stm32.7-2018-q2-update.linux64_1.5.0.202011040924/tools/bin/../lib/gcc/arm-none-eabi/7.3.1/../../../../arm-none-eabi/lib/thumb/v7e-m/fpv4-sp/hard/libstdc++_nano.a(pure.o) (std::terminate())
/opt/st/stm32cubeide_1.5.1/plugins/com.st.stm32cube.ide.mcu.externaltools.gnu-tools-for-stm32.7-2018-q2-update.linux64_1.5.0.202011040924/tools/bin/../lib/gcc/arm-none-eabi/7.3.1/../../../../arm-none-eabi/lib/thumb/v7e-m/fpv4-sp/hard/libstdc++_nano.a(eh_unex_handler.o)
                              /opt/st/stm32cubeide_1.5.1/plugins/com.st.stm32cube.ide.mcu.externaltools.gnu-tools-for-stm32.7-2018-q2-update.linux64_1.5.0.202011040924/tools/bin/../lib/gcc/arm-none-eabi/7.3.1/../../../../arm-none-eabi/lib/thumb/v7e-m/fpv4-sp/hard/libstdc++_nano.a(eh_terminate.o) (__cxxabiv1::__unexpected_handler)
/opt/st/stm32cubeide_1.5.1/plugins/com.st.stm32cube.ide.mcu.externaltools.gnu-tools-for-stm32.7-2018-q2-update.linux64_1.5.0.202011040924/tools/bin/../lib/gcc/arm-none-eabi/7.3.1/../../../../arm-none-eabi/lib/thumb/v7e-m/fpv4-sp/hard/libstdc++_nano.a(eh_term_handler.o)
                              /opt/st/stm32cubeide_1.5.1/plugins/com.st.stm32cube.ide.mcu.externaltools.gnu-tools-for-stm32.7-2018-q2-update.linux64_1.5.0.202011040924/tools/bin/../lib/gcc/arm-none-eabi/7.3.1/../../../../arm-none-eabi/lib/thumb/v7e-m/fpv4-sp/hard/libstdc++_nano.a(eh_terminate.o) (__cxxabiv1::__terminate_handler)
/opt/st/stm32cubeide_1.5.1/plugins/com.st.stm32cube.ide.mcu.externaltools.gnu-tools-for-stm32.7-2018-q2-update.linux64_1.5.0.202011040924/tools/bin/../lib/gcc/arm-none-eabi/7.3.1/../../../../arm-none-eabi/lib/thumb/v7e-m/fpv4-sp/hard/libc_nano.a(lib_a-abort.o)
                              /opt/st/stm32cubeide_1.5.1/plugins/com.st.stm32cube.ide.mcu.externaltools.gnu-tools-for-stm32.7-2018-q2-update.linux64_1.5.0.202011040924/tools/bin/../lib/gcc/arm-none-eabi/7.3.1/../../../../arm-none-eabi/lib/thumb/v7e-m/fpv4-sp/hard/libstdc++_nano.a(eh_terminate.o) (abort)
/opt/st/stm32cubeide_1.5.1/plugins/com.st.stm32cube.ide.mcu.externaltools.gnu-tools-for-stm32.7-2018-q2-update.linux64_1.5.0.202011040924/tools/bin/../lib/gcc/arm-none-eabi/7.3.1/../../../../arm-none-eabi/lib/thumb/v7e-m/fpv4-sp/hard/libc_nano.a(lib_a-errno.o)
                              Core/Src/syscalls.o (__errno)
/opt/st/stm32cubeide_1.5.1/plugins/com.st.stm32cube.ide.mcu.externaltools.gnu-tools-for-stm32.7-2018-q2-update.linux64_1.5.0.202011040924/tools/bin/../lib/gcc/arm-none-eabi/7.3.1/../../../../arm-none-eabi/lib/thumb/v7e-m/fpv4-sp/hard/libc_nano.a(lib_a-exit.o)
                              /opt/st/stm32cubeide_1.5.1/plugins/com.st.stm32cube.ide.mcu.externaltools.gnu-tools-for-stm32.7-2018-q2-update.linux64_1.5.0.202011040924/tools/bin/../lib/gcc/arm-none-eabi/7.3.1/../../../../arm-none-eabi/lib/thumb/v7e-m/fpv4-sp/hard/crt0.o (exit)
/opt/st/stm32cubeide_1.5.1/plugins/com.st.stm32cube.ide.mcu.externaltools.gnu-tools-for-stm32.7-2018-q2-update.linux64_1.5.0.202011040924/tools/bin/../lib/gcc/arm-none-eabi/7.3.1/../../../../arm-none-eabi/lib/thumb/v7e-m/fpv4-sp/hard/libc_nano.a(lib_a-impure.o)
                              /opt/st/stm32cubeide_1.5.1/plugins/com.st.stm32cube.ide.mcu.externaltools.gnu-tools-for-stm32.7-2018-q2-update.linux64_1.5.0.202011040924/tools/bin/../lib/gcc/arm-none-eabi/7.3.1/../../../../arm-none-eabi/lib/thumb/v7e-m/fpv4-sp/hard/libc_nano.a(lib_a-exit.o) (_global_impure_ptr)
/opt/st/stm32cubeide_1.5.1/plugins/com.st.stm32cube.ide.mcu.externaltools.gnu-tools-for-stm32.7-2018-q2-update.linux64_1.5.0.202011040924/tools/bin/../lib/gcc/arm-none-eabi/7.3.1/../../../../arm-none-eabi/lib/thumb/v7e-m/fpv4-sp/hard/libc_nano.a(lib_a-init.o)
                              /opt/st/stm32cubeide_1.5.1/plugins/com.st.stm32cube.ide.mcu.externaltools.gnu-tools-for-stm32.7-2018-q2-update.linux64_1.5.0.202011040924/tools/bin/../lib/gcc/arm-none-eabi/7.3.1/../../../../arm-none-eabi/lib/thumb/v7e-m/fpv4-sp/hard/crt0.o (__libc_init_array)
/opt/st/stm32cubeide_1.5.1/plugins/com.st.stm32cube.ide.mcu.externaltools.gnu-tools-for-stm32.7-2018-q2-update.linux64_1.5.0.202011040924/tools/bin/../lib/gcc/arm-none-eabi/7.3.1/../../../../arm-none-eabi/lib/thumb/v7e-m/fpv4-sp/hard/libc_nano.a(lib_a-memcpy-stub.o)
[...]
Memory Configuration

Name             Origin             Length             Attributes
CCMRAM           0x0000000010000000 0x0000000000001000 xrw
RAM              0x0000000020000000 0x0000000000003000 xrw
FLASH            0x0000000008000000 0x0000000000010000 xr
*default*        0x0000000000000000 0xffffffffffffffff

Linker script and memory map

LOAD /opt/st/stm32cubeide_1.5.1/plugins/com.st.stm32cube.ide.mcu.externaltools.gnu-tools-for-stm32.7-2018-q2-update.linux64_1.5.0.202011040924/tools/bin/../lib/gcc/arm-none-eabi/7.3.1/thumb/v7e-m/fpv4-sp/hard/crti.o
LOAD /opt/st/stm32cubeide_1.5.1/plugins/com.st.stm32cube.ide.mcu.externaltools.gnu-tools-for-stm32.7-2018-q2-update.linux64_1.5.0.202011040924/tools/bin/../lib/gcc/arm-none-eabi/7.3.1/thumb/v7e-m/fpv4-sp/hard/crtbegin.o
LOAD /opt/st/stm32cubeide_1.5.1/plugins/com.st.stm32cube.ide.mcu.externaltools.gnu-tools-for-stm32.7-2018-q2-update.linux64_1.5.0.202011040924/tools/bin/../lib/gcc/arm-none-eabi/7.3.1/../../../../arm-none-eabi/lib/thumb/v7e-m/fpv4-sp/hard/crt0.o
LOAD Core/Inc/duration.o
LOAD Core/Inc/time.o
LOAD Core/Src/main.o
LOAD Core/Src/mainpp.o
LOAD Core/Src/stm32f3xx_hal_msp.o
LOAD Core/Src/stm32f3xx_it.o
LOAD Core/Src/syscalls.o
LOAD Core/Src/sysmem.o
LOAD Core/Src/system_stm32f3xx.o
LOAD Core/Startup/startup_stm32f303k8tx.o
LOAD Drivers/STM32F3xx_HAL_Driver/Src/stm32f3xx_hal.o
LOAD Drivers/STM32F3xx_HAL_Driver/Src/stm32f3xx_hal_cortex.o
LOAD Drivers/STM32F3xx_HAL_Driver/Src/stm32f3xx_hal_dma.o
LOAD Drivers/STM32F3xx_HAL_Driver/Src/stm32f3xx_hal_exti.o
LOAD Drivers/STM32F3xx_HAL_Driver/Src/stm32f3xx_hal_flash.o
LOAD Drivers/STM32F3xx_HAL_Driver/Src/stm32f3xx_hal_flash_ex.o
LOAD Drivers/STM32F3xx_HAL_Driver/Src/stm32f3xx_hal_gpio.o
LOAD Drivers/STM32F3xx_HAL_Driver/Src/stm32f3xx_hal_i2c.o
LOAD Drivers/STM32F3xx_HAL_Driver/Src/stm32f3xx_hal_i2c_ex.o
LOAD Drivers/STM32F3xx_HAL_Driver/Src/stm32f3xx_hal_pwr.o
LOAD Drivers/STM32F3xx_HAL_Driver/Src/stm32f3xx_hal_pwr_ex.o
LOAD Drivers/STM32F3xx_HAL_Driver/Src/stm32f3xx_hal_rcc.o
LOAD Drivers/STM32F3xx_HAL_Driver/Src/stm32f3xx_hal_rcc_ex.o
LOAD Drivers/STM32F3xx_HAL_Driver/Src/stm32f3xx_hal_tim.o
LOAD Drivers/STM32F3xx_HAL_Driver/Src/stm32f3xx_hal_tim_ex.o
LOAD Drivers/STM32F3xx_HAL_Driver/Src/stm32f3xx_hal_uart.o
LOAD Drivers/STM32F3xx_HAL_Driver/Src/stm32f3xx_hal_uart_ex.o
START GROUP
LOAD /opt/st/stm32cubeide_1.5.1/plugins/com.st.stm32cube.ide.mcu.externaltools.gnu-tools-for-stm32.7-2018-q2-update.linux64_1.5.0.202011040924/tools/bin/../lib/gcc/arm-none-eabi/7.3.1/../../../../arm-none-eabi/lib/thumb/v7e-m/fpv4-sp/hard/libstdc++_nano.a
LOAD /opt/st/stm32cubeide_1.5.1/plugins/com.st.stm32cube.ide.mcu.externaltools.gnu-tools-for-stm32.7-2018-q2-update.linux64_1.5.0.202011040924/tools/bin/../lib/gcc/arm-none-eabi/7.3.1/../../../../arm-none-eabi/lib/thumb/v7e-m/fpv4-sp/hard/libsupc++_nano.a
END GROUP
LOAD /opt/st/stm32cubeide_1.5.1/plugins/com.st.stm32cube.ide.mcu.externaltools.gnu-tools-for-stm32.7-2018-q2-update.linux64_1.5.0.202011040924/tools/bin/../lib/gcc/arm-none-eabi/7.3.1/../../../../arm-none-eabi/lib/thumb/v7e-m/fpv4-sp/hard/libstdc++_nano.a
LOAD /opt/st/stm32cubeide_1.5.1/plugins/com.st.stm32cube.ide.mcu.externaltools.gnu-tools-for-stm32.7-2018-q2-update.linux64_1.5.0.202011040924/tools/bin/../lib/gcc/arm-none-eabi/7.3.1/../../../../arm-none-eabi/lib/thumb/v7e-m/fpv4-sp/hard/libm.a
LOAD /opt/st/stm32cubeide_1.5.1/plugins/com.st.stm32cube.ide.mcu.externaltools.gnu-tools-for-stm32.7-2018-q2-update.linux64_1.5.0.202011040924/tools/bin/../lib/gcc/arm-none-eabi/7.3.1/../../../../arm-none-eabi/lib/thumb/v7e-m/fpv4-sp/hard/libc_nano.a
START GROUP
LOAD /opt/st/stm32cubeide_1.5.1/plugins/com.st.stm32cube.ide.mcu.externaltools.gnu-tools-for-stm32.7-2018-q2-update.linux64_1.5.0.202011040924/tools/bin/../lib/gcc/arm-none-eabi/7.3.1/thumb/v7e-m/fpv4-sp/hard/libgcc.a
LOAD /opt/st/stm32cubeide_1.5.1/plugins/com.st.stm32cube.ide.mcu.externaltools.gnu-tools-for-stm32.7-2018-q2-update.linux64_1.5.0.202011040924/tools/bin/../lib/gcc/arm-none-eabi/7.3.1/../../../../arm-none-eabi/lib/thumb/v7e-m/fpv4-sp/hard/libc_nano.a
END GROUP
START GROUP
LOAD /opt/st/stm32cubeide_1.5.1/plugins/com.st.stm32cube.ide.mcu.externaltools.gnu-tools-for-stm32.7-2018-q2-update.linux64_1.5.0.202011040924/tools/bin/../lib/gcc/arm-none-eabi/7.3.1/thumb/v7e-m/fpv4-sp/hard/libgcc.a
LOAD /opt/st/stm32cubeide_1.5.1/plugins/com.st.stm32cube.ide.mcu.externaltools.gnu-tools-for-stm32.7-2018-q2-update.linux64_1.5.0.202011040924/tools/bin/../lib/gcc/arm-none-eabi/7.3.1/../../../../arm-none-eabi/lib/thumb/v7e-m/fpv4-sp/hard/libc_nano.a
LOAD /opt/st/stm32cubeide_1.5.1/plugins/com.st.stm32cube.ide.mcu.externaltools.gnu-tools-for-stm32.7-2018-q2-update.linux64_1.5.0.202011040924/tools/bin/../lib/gcc/arm-none-eabi/7.3.1/../../../../arm-none-eabi/lib/thumb/v7e-m/fpv4-sp/hard/libnosys.a
END GROUP
START GROUP
LOAD /opt/st/stm32cubeide_1.5.1/plugins/com.st.stm32cube.ide.mcu.externaltools.gnu-tools-for-stm32.7-2018-q2-update.linux64_1.5.0.202011040924/tools/bin/../lib/gcc/arm-none-eabi/7.3.1/thumb/v7e-m/fpv4-sp/hard/libgcc.a
LOAD /opt/st/stm32cubeide_1.5.1/plugins/com.st.stm32cube.ide.mcu.externaltools.gnu-tools-for-stm32.7-2018-q2-update.linux64_1.5.0.202011040924/tools/bin/../lib/gcc/arm-none-eabi/7.3.1/../../../../arm-none-eabi/lib/thumb/v7e-m/fpv4-sp/hard/libc_nano.a
LOAD /opt/st/stm32cubeide_1.5.1/plugins/com.st.stm32cube.ide.mcu.externaltools.gnu-tools-for-stm32.7-2018-q2-update.linux64_1.5.0.202011040924/tools/bin/../lib/gcc/arm-none-eabi/7.3.1/../../../../arm-none-eabi/lib/thumb/v7e-m/fpv4-sp/hard/libnosys.a
END GROUP
LOAD /opt/st/stm32cubeide_1.5.1/plugins/com.st.stm32cube.ide.mcu.externaltools.gnu-tools-for-stm32.7-2018-q2-update.linux64_1.5.0.202011040924/tools/bin/../lib/gcc/arm-none-eabi/7.3.1/thumb/v7e-m/fpv4-sp/hard/crtend.o
LOAD /opt/st/stm32cubeide_1.5.1/plugins/com.st.stm32cube.ide.mcu.externaltools.gnu-tools-for-stm32.7-2018-q2-update.linux64_1.5.0.202011040924/tools/bin/../lib/gcc/arm-none-eabi/7.3.1/thumb/v7e-m/fpv4-sp/hard/crtn.o
                0x0000000020003000                _estack = (ORIGIN (RAM) + LENGTH (RAM))
                0x0000000000000200                _Min_Heap_Size = 0x200
                0x0000000000000400                _Min_Stack_Size = 0x400

.isr_vector     0x0000000008000000      0x188
                0x0000000008000000                . = ALIGN (0x4)
 *(.isr_vector)
 .isr_vector    0x0000000008000000      0x188 Core/Startup/startup_stm32f303k8tx.o
                0x0000000008000000                g_pfnVectors
                0x0000000008000188                . = ALIGN (0x4)

.text           0x0000000008000188     0x5cb8
                0x0000000008000188                . = ALIGN (0x4)
 *(.text)
 .text          0x0000000008000188       0x40 /opt/st/stm32cubeide_1.5.1/plugins/com.st.stm32cube.ide.mcu.externaltools.gnu-tools-for-stm32.7-2018-q2-update.linux64_1.5.0.202011040924/tools/bin/../lib/gcc/arm-none-eabi/7.3.1/thumb/v7e-m/fpv4-sp/hard/crtbegin.o
 .text          0x00000000080001c8       0x14 /opt/st/stm32cubeide_1.5.1/plugins/com.st.stm32cube.ide.mcu.externaltools.gnu-tools-for-stm32.7-2018-q2-update.linux64_1.5.0.202011040924/tools/bin/../lib/gcc/arm-none-eabi/7.3.1/../../../../arm-none-eabi/lib/thumb/v7e-m/fpv4-sp/hard/libc_nano.a(lib_a-strcmp.o)
                0x00000000080001c8                strcmp
 .text          0x00000000080001dc       0x10 /opt/st/stm32cubeide_1.5.1/plugins/com.st.stm32cube.ide.mcu.externaltools.gnu-tools-for-stm32.7-2018-q2-update.linux64_1.5.0.202011040924/tools/bin/../lib/gcc/arm-none-eabi/7.3.1/../../../../arm-none-eabi/lib/thumb/v7e-m/fpv4-sp/hard/libc_nano.a(lib_a-strlen.o)
                0x00000000080001dc                strlen
 *(.text*)
 .text._ZN3ros16normalizeSecNSecERmS0_
                0x00000000080001ec       0x58 Core/Inc/time.o
                0x00000000080001ec                ros::normalizeSecNSec(unsigned long&, unsigned long&)
 .text.main     0x0000000008000244       0x26 Core/Src/main.o
                0x0000000008000244                main
 .text.SystemClock_Config
                0x000000000800026a       0x76 Core/Src/main.o
                0x000000000800026a                SystemClock_Config
 .text.MX_TIM2_Init
                0x00000000080002e0       0x9c Core/Src/main.o
 .text.MX_USART2_UART_Init
                0x000000000800037c       0x60 Core/Src/main.o
 .text.MX_DMA_Init
                0x00000000080003dc       0x4c Core/Src/main.o
 .text.MX_GPIO_Init
                0x0000000008000428       0x7c Core/Src/main.o
 .text.Error_Handler
                0x00000000080004a4        0x8 Core/Src/main.o
                0x00000000080004a4                Error_Handler
 .text._ZN3ros4TimeC2Ev
                0x00000000080004ac       0x22 Core/Src/mainpp.o
                0x00000000080004ac                ros::Time::Time()
                0x00000000080004ac                ros::Time::Time()
 *fill*         0x00000000080004ce        0x2 
 .text._ZN3ros3MsgC2Ev
                0x00000000080004d0       0x20 Core/Src/mainpp.o
                0x00000000080004d0                ros::Msg::Msg()
                0x00000000080004d0                ros::Msg::Msg()
 .text._ZN8std_msgs4TimeC2Ev
                0x00000000080004f0       0x30 Core/Src/mainpp.o
                0x00000000080004f0                std_msgs::Time::Time()
                0x00000000080004f0                std_msgs::Time::Time()
 .text._ZNK8std_msgs4Time9serializeEPh
                0x0000000008000520       0xb0 Core/Src/mainpp.o
                0x0000000008000520                std_msgs::Time::serialize(unsigned char*) const
 .text._ZN8std_msgs4Time11deserializeEPh
                0x00000000080005d0       0xc8 Core/Src/mainpp.o
                0x00000000080005d0                std_msgs::Time::deserialize(unsigned char*)
 .text._ZN8std_msgs4Time7getTypeEv
                0x0000000008000698       0x1c Core/Src/mainpp.o
                0x0000000008000698                std_msgs::Time::getType()
 .text._ZN8std_msgs4Time6getMD5Ev
                0x00000000080006b4       0x1c Core/Src/mainpp.o
                0x00000000080006b4                std_msgs::Time::getMD5()
 .text._ZN14rosserial_msgs9TopicInfoC2Ev
                0x00000000080006d0       0x48 Core/Src/mainpp.o
                0x00000000080006d0                rosserial_msgs::TopicInfo::TopicInfo()
                0x00000000080006d0                rosserial_msgs::TopicInfo::TopicInfo()
 .text._ZNK14rosserial_msgs9TopicInfo9serializeEPh
                0x0000000008000718      0x136 Core/Src/mainpp.o
                0x0000000008000718                rosserial_msgs::TopicInfo::serialize(unsigned char*) const
 .text._ZN14rosserial_msgs9TopicInfo11deserializeEPh
                0x000000000800084e      0x1d0 Core/Src/mainpp.o
                0x000000000800084e                rosserial_msgs::TopicInfo::deserialize(unsigned char*)
 *fill*         0x0000000008000a1e        0x2 
 .text._ZN14rosserial_msgs9TopicInfo7getTypeEv
                0x0000000008000a20       0x1c Core/Src/mainpp.o
                0x0000000008000a20                rosserial_msgs::TopicInfo::getType()
 .text._ZN14rosserial_msgs9TopicInfo6getMD5Ev
                0x0000000008000a3c       0x1c Core/Src/mainpp.o
                0x0000000008000a3c                rosserial_msgs::TopicInfo::getMD5()
 .text._ZN14rosserial_msgs3LogC2Ev
                0x0000000008000a58       0x34 Core/Src/mainpp.o
                0x0000000008000a58                rosserial_msgs::Log::Log()
                0x0000000008000a58                rosserial_msgs::Log::Log()
 .text._ZNK14rosserial_msgs3Log9serializeEPh
                0x0000000008000a8c       0x64 Core/Src/mainpp.o
                0x0000000008000a8c                rosserial_msgs::Log::serialize(unsigned char*) const
 .text._ZN14rosserial_msgs3Log11deserializeEPh
                0x0000000008000af0       0x90 Core/Src/mainpp.o
                0x0000000008000af0                rosserial_msgs::Log::deserialize(unsigned char*)
 .text._ZN14rosserial_msgs3Log7getTypeEv
                0x0000000008000b80       0x1c Core/Src/mainpp.o
                0x0000000008000b80                rosserial_msgs::Log::getType()
 .text._ZN14rosserial_msgs3Log6getMD5Ev
                0x0000000008000b9c       0x1c Core/Src/mainpp.o
                0x0000000008000b9c                rosserial_msgs::Log::getMD5()
 .text._ZN14rosserial_msgs20RequestParamResponseC2Ev
                0x0000000008000bb8       0x5c Core/Src/mainpp.o
                0x0000000008000bb8                rosserial_msgs::RequestParamResponse::RequestParamResponse()
                0x0000000008000bb8                rosserial_msgs::RequestParamResponse::RequestParamResponse()
 .text._ZNK14rosserial_msgs20RequestParamResponse9serializeEPh
                0x0000000008000c14      0x222 Core/Src/mainpp.o
                0x0000000008000c14                rosserial_msgs::RequestParamResponse::serialize(unsigned char*) const
 .text._ZN14rosserial_msgs20RequestParamResponse11deserializeEPh
                0x0000000008000e36      0x2e2 Core/Src/mainpp.o
                0x0000000008000e36                rosserial_msgs::RequestParamResponse::deserialize(unsigned char*)
 .text._ZN14rosserial_msgs20RequestParamResponse7getTypeEv
                0x0000000008001118       0x1c Core/Src/mainpp.o
                0x0000000008001118                rosserial_msgs::RequestParamResponse::getType()
 .text._ZN14rosserial_msgs20RequestParamResponse6getMD5Ev
                0x0000000008001134       0x1c Core/Src/mainpp.o
                0x0000000008001134                rosserial_msgs::RequestParamResponse::getMD5()
 .text._ZN3ros9Publisher15getEndpointTypeEv
                0x0000000008001150       0x18 Core/Src/mainpp.o
                0x0000000008001150                ros::Publisher::getEndpointType()
 .text._ZN13STM32Hardware10getRdmaIndEv
                0x0000000008001168       0x24 Core/Src/mainpp.o
                0x0000000008001168                STM32Hardware::getRdmaInd()
 .text._ZN13STM32HardwareC2Ev
                0x000000000800118c       0x38 Core/Src/mainpp.o
                0x000000000800118c                STM32Hardware::STM32Hardware()
                0x000000000800118c                STM32Hardware::STM32Hardware()
 .text._ZN13STM32Hardware4initEv
                0x00000000080011c4       0x16 Core/Src/mainpp.o
                0x00000000080011c4                STM32Hardware::init()
 .text._ZN13STM32Hardware10reset_rbufEv
                0x00000000080011da       0x22 Core/Src/mainpp.o
                0x00000000080011da                STM32Hardware::reset_rbuf()
 .text._ZN13STM32Hardware4readEv
                0x00000000080011fc       0x5a Core/Src/mainpp.o
                0x00000000080011fc                STM32Hardware::read()
 *fill*         0x0000000008001256        0x2 
 .text._ZN13STM32Hardware5flushEv
                0x0000000008001258       0xe4 Core/Src/mainpp.o
                0x0000000008001258                STM32Hardware::flush()
 .text._ZN13STM32Hardware5writeEPhi
                0x000000000800133c       0x8c Core/Src/mainpp.o
                0x000000000800133c                STM32Hardware::write(unsigned char*, int)
 .text._ZN13STM32Hardware4timeEv
                0x00000000080013c8       0x16 Core/Src/mainpp.o
                0x00000000080013c8                STM32Hardware::time()
 *fill*         0x00000000080013de        0x2 
 .text._ZN8std_msgs6StringC2Ev
                0x00000000080013e0       0x30 Core/Src/mainpp.o
                0x00000000080013e0                std_msgs::String::String()
                0x00000000080013e0                std_msgs::String::String()
 .text._ZNK8std_msgs6String9serializeEPh
                0x0000000008001410       0x52 Core/Src/mainpp.o
                0x0000000008001410                std_msgs::String::serialize(unsigned char*) const
 .text._ZN8std_msgs6String11deserializeEPh
                0x0000000008001462       0x7e Core/Src/mainpp.o
                0x0000000008001462                std_msgs::String::deserialize(unsigned char*)
 .text._ZN8std_msgs6String7getTypeEv
                0x00000000080014e0       0x1c Core/Src/mainpp.o
                0x00000000080014e0                std_msgs::String::getType()
 .text._ZN8std_msgs6String6getMD5Ev
                0x00000000080014fc       0x1c Core/Src/mainpp.o
                0x00000000080014fc                std_msgs::String::getMD5()
 .text._ZN3ros15NodeHandleBase_C2Ev
                0x0000000008001518       0x20 Core/Src/mainpp.o
                0x0000000008001518                ros::NodeHandleBase_::NodeHandleBase_()
                0x0000000008001518                ros::NodeHandleBase_::NodeHandleBase_()
 .text._ZN3ros11NodeHandle_I13STM32HardwareLi25ELi25ELi512ELi512EEC2Ev
                0x0000000008001538       0xf0 Core/Src/mainpp.o
                0x0000000008001538                ros::NodeHandle_<STM32Hardware, 25, 25, 512, 512>::NodeHandle_()
                0x0000000008001538                ros::NodeHandle_<STM32Hardware, 25, 25, 512, 512>::NodeHandle_()
 .text._Z9messageCbRKN8std_msgs6StringE
                0x0000000008001628       0x70 Core/Src/mainpp.o
                0x0000000008001628                messageCb(std_msgs::String const&)
 .text.HAL_UART_TxCpltCallback
                0x0000000008001698       0x24 Core/Src/mainpp.o
                0x0000000008001698                HAL_UART_TxCpltCallback
 .text.HAL_UART_RxCpltCallback
                0x00000000080016bc       0x24 Core/Src/mainpp.o
                0x00000000080016bc                HAL_UART_RxCpltCallback
 .text.setup    0x00000000080016e0       0x20 Core/Src/mainpp.o
                0x00000000080016e0                setup
 .text.loop     0x0000000008001700       0x18 Core/Src/mainpp.o
                0x0000000008001700                loop
 .text._ZN3ros3Msg8varToArrIPhmEEvT_T0_
                0x0000000008001718       0x3c Core/Src/mainpp.o
                0x0000000008001718                void ros::Msg::varToArr<unsigned char*, unsigned long>(unsigned char*, unsigned long)
 .text._ZN3ros3Msg8arrToVarImPhEEvRT_T0_
                0x0000000008001754       0x4a Core/Src/mainpp.o
                0x0000000008001754                void ros::Msg::arrToVar<unsigned long, unsigned char*>(unsigned long&, unsigned char*)
 *fill*         0x000000000800179e        0x2 
 .text._ZN3ros11Subscriber_C2Ev
                0x00000000080017a0       0x20 Core/Src/mainpp.o
                0x00000000080017a0                ros::Subscriber_::Subscriber_()
                0x00000000080017a0                ros::Subscriber_::Subscriber_()
 .text._ZN3ros10SubscriberIN8std_msgs6StringEvEC2EPKcPFvRKS2_Ei
                0x00000000080017c0       0x48 Core/Src/mainpp.o
                0x00000000080017c0                ros::Subscriber<std_msgs::String, void>::Subscriber(char const*, void (*)(std_msgs::String const&), int)
                0x00000000080017c0                ros::Subscriber<std_msgs::String, void>::Subscriber(char const*, void (*)(std_msgs::String const&), int)
 .text._ZN3ros11NodeHandle_I13STM32HardwareLi25ELi25ELi512ELi512EE11getHardwareEv
                0x0000000008001808       0x18 Core/Src/mainpp.o
                0x0000000008001808                ros::NodeHandle_<STM32Hardware, 25, 25, 512, 512>::getHardware()
 .text._ZN3ros11NodeHandle_I13STM32HardwareLi25ELi25ELi512ELi512EE8initNodeEv
                0x0000000008001820       0x3a Core/Src/mainpp.o
                0x0000000008001820                ros::NodeHandle_<STM32Hardware, 25, 25, 512, 512>::initNode()
 .text._ZN3ros11NodeHandle_I13STM32HardwareLi25ELi25ELi512ELi512EE9subscribeERNS_11Subscriber_E
                0x000000000800185a       0x56 Core/Src/mainpp.o
                0x000000000800185a                ros::NodeHandle_<STM32Hardware, 25, 25, 512, 512>::subscribe(ros::Subscriber_&)
 .text._ZN3ros11NodeHandle_I13STM32HardwareLi25ELi25ELi512ELi512EE8spinOnceEv
                0x00000000080018b0      0x3b8 Core/Src/mainpp.o
                0x00000000080018b0                ros::NodeHandle_<STM32Hardware, 25, 25, 512, 512>::spinOnce()
 .text._ZN3ros11NodeHandle_I13STM32HardwareLi25ELi25ELi512ELi512EE15requestSyncTimeEv
                0x0000000008001c68       0x3c Core/Src/mainpp.o
                0x0000000008001c68                ros::NodeHandle_<STM32Hardware, 25, 25, 512, 512>::requestSyncTime()
 .text._ZN3ros11NodeHandle_I13STM32HardwareLi25ELi25ELi512ELi512EE15negotiateTopicsEv
                0x0000000008001ca4      0x1be Core/Src/mainpp.o
                0x0000000008001ca4                ros::NodeHandle_<STM32Hardware, 25, 25, 512, 512>::negotiateTopics()
 *fill*         0x0000000008001e62        0x2 
 .text._ZN3ros11NodeHandle_I13STM32HardwareLi25ELi25ELi512ELi512EE8syncTimeEPh
                0x0000000008001e64       0x98 Core/Src/mainpp.o
                0x0000000008001e64                ros::NodeHandle_<STM32Hardware, 25, 25, 512, 512>::syncTime(unsigned char*)
 .text._ZN3ros11NodeHandle_I13STM32HardwareLi25ELi25ELi512ELi512EE7publishEiPKNS_3MsgE
                0x0000000008001efc      0x124 Core/Src/mainpp.o
                0x0000000008001efc                ros::NodeHandle_<STM32Hardware, 25, 25, 512, 512>::publish(int, ros::Msg const*)
 .text._ZN3ros11NodeHandle_I13STM32HardwareLi25ELi25ELi512ELi512EE6setNowERKNS_4TimeE
                0x0000000008002020       0x80 Core/Src/mainpp.o
                0x0000000008002020                ros::NodeHandle_<STM32Hardware, 25, 25, 512, 512>::setNow(ros::Time const&)
 .text._ZN3ros11NodeHandle_I13STM32HardwareLi25ELi25ELi512ELi512EE8logerrorEPKc
                0x00000000080020a0       0x1c Core/Src/mainpp.o
                0x00000000080020a0                ros::NodeHandle_<STM32Hardware, 25, 25, 512, 512>::logerror(char const*)
 .text._ZN3ros11NodeHandle_I13STM32HardwareLi25ELi25ELi512ELi512EE3logEcPKc
                0x00000000080020bc       0x38 Core/Src/mainpp.o
                0x00000000080020bc                ros::NodeHandle_<STM32Hardware, 25, 25, 512, 512>::log(char, char const*)
 .text._Z41__static_initialization_and_destruction_0ii
                0x00000000080020f4       0x44 Core/Src/mainpp.o
 .text._ZN3ros10SubscriberIN8std_msgs6StringEvE8callbackEPh
                0x0000000008002138       0x2a Core/Src/mainpp.o
                0x0000000008002138                ros::Subscriber<std_msgs::String, void>::callback(unsigned char*)
 .text._ZN3ros10SubscriberIN8std_msgs6StringEvE15getEndpointTypeEv
                0x0000000008002162       0x18 Core/Src/mainpp.o
                0x0000000008002162                ros::Subscriber<std_msgs::String, void>::getEndpointType()
 .text._ZN3ros10SubscriberIN8std_msgs6StringEvE10getMsgTypeEv
                0x000000000800217a       0x1c Core/Src/mainpp.o
                0x000000000800217a                ros::Subscriber<std_msgs::String, void>::getMsgType()
 .text._ZN3ros10SubscriberIN8std_msgs6StringEvE9getMsgMD5Ev
                0x0000000008002196       0x1c Core/Src/mainpp.o
                0x0000000008002196                ros::Subscriber<std_msgs::String, void>::getMsgMD5()
 .text._ZN3ros11NodeHandle_I13STM32HardwareLi25ELi25ELi512ELi512EE9connectedEv
                0x00000000080021b2       0x1a Core/Src/mainpp.o
                0x00000000080021b2                ros::NodeHandle_<STM32Hardware, 25, 25, 512, 512>::connected()
 .text._GLOBAL__sub_I_nh
                0x00000000080021cc       0x10 Core/Src/mainpp.o
 .text.HAL_MspInit
                0x00000000080021dc       0x48 Core/Src/stm32f3xx_hal_msp.o
                0x00000000080021dc                HAL_MspInit
 .text.HAL_TIM_Base_MspInit
                0x0000000008002224       0x3c Core/Src/stm32f3xx_hal_msp.o
                0x0000000008002224                HAL_TIM_Base_MspInit
 .text.HAL_UART_MspInit
                0x0000000008002260      0x140 Core/Src/stm32f3xx_hal_msp.o
                0x0000000008002260                HAL_UART_MspInit
 .text.NMI_Handler
                0x00000000080023a0        0x6 Core/Src/stm32f3xx_it.o
                0x00000000080023a0                NMI_Handler
 .text.HardFault_Handler
                0x00000000080023a6        0x6 Core/Src/stm32f3xx_it.o
                0x00000000080023a6                HardFault_Handler
 .text.MemManage_Handler
                0x00000000080023ac        0x6 Core/Src/stm32f3xx_it.o
                0x00000000080023ac                MemManage_Handler
 .text.BusFault_Handler
                0x00000000080023b2        0x6 Core/Src/stm32f3xx_it.o
                0x00000000080023b2                BusFault_Handler
 .text.UsageFault_Handler
                0x00000000080023b8        0x6 Core/Src/stm32f3xx_it.o
                0x00000000080023b8                UsageFault_Handler
 .text.SVC_Handler
                0x00000000080023be        0xe Core/Src/stm32f3xx_it.o
                0x00000000080023be                SVC_Handler
 .text.DebugMon_Handler
                0x00000000080023cc        0xe Core/Src/stm32f3xx_it.o
                0x00000000080023cc                DebugMon_Handler
 .text.PendSV_Handler
                0x00000000080023da        0xe Core/Src/stm32f3xx_it.o
                0x00000000080023da                PendSV_Handler
 .text.SysTick_Handler
                0x00000000080023e8        0xc Core/Src/stm32f3xx_it.o
                0x00000000080023e8                SysTick_Handler
 .text.DMA1_Channel6_IRQHandler
                0x00000000080023f4       0x14 Core/Src/stm32f3xx_it.o
                0x00000000080023f4                DMA1_Channel6_IRQHandler
 .text.DMA1_Channel7_IRQHandler
                0x0000000008002408       0x14 Core/Src/stm32f3xx_it.o
                0x0000000008002408                DMA1_Channel7_IRQHandler
 .text.USART2_IRQHandler
                0x000000000800241c       0x14 Core/Src/stm32f3xx_it.o
                0x000000000800241c                USART2_IRQHandler
 .text._getpid  0x0000000008002430       0x10 Core/Src/syscalls.o
                0x0000000008002430                _getpid
 .text._kill    0x0000000008002440       0x20 Core/Src/syscalls.o
                0x0000000008002440                _kill
 .text._exit    0x0000000008002460       0x14 Core/Src/syscalls.o
                0x0000000008002460                _exit
 .text._sbrk    0x0000000008002474       0x6c Core/Src/sysmem.o
                0x0000000008002474                _sbrk
 .text.SystemInit
                0x00000000080024e0       0x24 Core/Src/system_stm32f3xx.o
                0x00000000080024e0                SystemInit
 .text.Reset_Handler
                0x0000000008002504       0x50 Core/Startup/startup_stm32f303k8tx.o
                0x0000000008002504                Reset_Handler
 .text.Default_Handler
                0x0000000008002554        0x2 Core/Startup/startup_stm32f303k8tx.o
                0x0000000008002554                RTC_Alarm_IRQHandler
                0x0000000008002554                TIM1_CC_IRQHandler
                0x0000000008002554                PVD_IRQHandler
                0x0000000008002554                TAMP_STAMP_IRQHandler
                0x0000000008002554                EXTI3_IRQHandler
                0x0000000008002554                EXTI0_IRQHandler
                0x0000000008002554                FPU_IRQHandler
                0x0000000008002554                CAN_TX_IRQHandler
                0x0000000008002554                TIM1_UP_TIM16_IRQHandler
                0x0000000008002554                ADC1_2_IRQHandler
                0x0000000008002554                SPI1_IRQHandler
                0x0000000008002554                CAN_SCE_IRQHandler
                0x0000000008002554                DMA1_Channel4_IRQHandler
                0x0000000008002554                USART3_IRQHandler
                0x0000000008002554                TIM7_DAC2_IRQHandler
                0x0000000008002554                CAN_RX1_IRQHandler
                0x0000000008002554                I2C1_EV_IRQHandler
                0x0000000008002554                TIM3_IRQHandler
                0x0000000008002554                RCC_IRQHandler
                0x0000000008002554                DMA1_Channel1_IRQHandler
                0x0000000008002554                Default_Handler
                0x0000000008002554                EXTI15_10_IRQHandler
                0x0000000008002554                COMP2_IRQHandler
                0x0000000008002554                TIM6_DAC1_IRQHandler
                0x0000000008002554                EXTI9_5_IRQHandler
                0x0000000008002554                RTC_WKUP_IRQHandler
                0x0000000008002554                DMA1_Channel5_IRQHandler
                0x0000000008002554                EXTI4_IRQHandler
                0x0000000008002554                TIM1_TRG_COM_TIM17_IRQHandler
                0x0000000008002554                DMA1_Channel3_IRQHandler
                0x0000000008002554                WWDG_IRQHandler
                0x0000000008002554                TIM2_IRQHandler
                0x0000000008002554                EXTI1_IRQHandler
                0x0000000008002554                COMP4_6_IRQHandler
                0x0000000008002554                DMA1_Channel2_IRQHandler
                0x0000000008002554                FLASH_IRQHandler
                0x0000000008002554                USART1_IRQHandler
                0x0000000008002554                CAN_RX0_IRQHandler
                0x0000000008002554                I2C1_ER_IRQHandler
                0x0000000008002554                EXTI2_TSC_IRQHandler
                0x0000000008002554                TIM1_BRK_TIM15_IRQHandler
 *fill*         0x0000000008002556        0x2 
 .text.HAL_Init
                0x0000000008002558       0x2c Drivers/STM32F3xx_HAL_Driver/Src/stm32f3xx_hal.o
                0x0000000008002558                HAL_Init
 .text.HAL_InitTick
                0x0000000008002584       0x60 Drivers/STM32F3xx_HAL_Driver/Src/stm32f3xx_hal.o
                0x0000000008002584                HAL_InitTick
 .text.HAL_IncTick
                0x00000000080025e4       0x28 Drivers/STM32F3xx_HAL_Driver/Src/stm32f3xx_hal.o
                0x00000000080025e4                HAL_IncTick
 .text.HAL_GetTick
                0x000000000800260c       0x18 Drivers/STM32F3xx_HAL_Driver/Src/stm32f3xx_hal.o
                0x000000000800260c                HAL_GetTick
 .text.HAL_Delay
                0x0000000008002624       0x44 Drivers/STM32F3xx_HAL_Driver/Src/stm32f3xx_hal.o
                0x0000000008002624                HAL_Delay
 .text.__NVIC_SetPriorityGrouping
                0x0000000008002668       0x48 Drivers/STM32F3xx_HAL_Driver/Src/stm32f3xx_hal_cortex.o
 .text.__NVIC_GetPriorityGrouping
                0x00000000080026b0       0x1c Drivers/STM32F3xx_HAL_Driver/Src/stm32f3xx_hal_cortex.o
 .text.__NVIC_EnableIRQ
                0x00000000080026cc       0x3c Drivers/STM32F3xx_HAL_Driver/Src/stm32f3xx_hal_cortex.o
 .text.__NVIC_SetPriority
                0x0000000008002708       0x54 Drivers/STM32F3xx_HAL_Driver/Src/stm32f3xx_hal_cortex.o
 .text.NVIC_EncodePriority
                0x000000000800275c       0x66 Drivers/STM32F3xx_HAL_Driver/Src/stm32f3xx_hal_cortex.o
 *fill*         0x00000000080027c2        0x2 
 .text.SysTick_Config
                0x00000000080027c4       0x44 Drivers/STM32F3xx_HAL_Driver/Src/stm32f3xx_hal_cortex.o
 .text.HAL_NVIC_SetPriorityGrouping
                0x0000000008002808       0x16 Drivers/STM32F3xx_HAL_Driver/Src/stm32f3xx_hal_cortex.o
                0x0000000008002808                HAL_NVIC_SetPriorityGrouping
 .text.HAL_NVIC_SetPriority
                0x000000000800281e       0x38 Drivers/STM32F3xx_HAL_Driver/Src/stm32f3xx_hal_cortex.o
                0x000000000800281e                HAL_NVIC_SetPriority
 .text.HAL_NVIC_EnableIRQ
                0x0000000008002856       0x1c Drivers/STM32F3xx_HAL_Driver/Src/stm32f3xx_hal_cortex.o
                0x0000000008002856                HAL_NVIC_EnableIRQ
 .text.HAL_SYSTICK_Config
                0x0000000008002872       0x18 Drivers/STM32F3xx_HAL_Driver/Src/stm32f3xx_hal_cortex.o
                0x0000000008002872                HAL_SYSTICK_Config
 .text.HAL_DMA_Init
                0x000000000800288a       0x8e Drivers/STM32F3xx_HAL_Driver/Src/stm32f3xx_hal_dma.o
                0x000000000800288a                HAL_DMA_Init
 .text.HAL_DMA_Start_IT
                0x0000000008002918       0xbe Drivers/STM32F3xx_HAL_Driver/Src/stm32f3xx_hal_dma.o
                0x0000000008002918                HAL_DMA_Start_IT
 .text.HAL_DMA_Abort
                0x00000000080029d6       0x72 Drivers/STM32F3xx_HAL_Driver/Src/stm32f3xx_hal_dma.o
                0x00000000080029d6                HAL_DMA_Abort
 .text.HAL_DMA_Abort_IT
                0x0000000008002a48       0x7c Drivers/STM32F3xx_HAL_Driver/Src/stm32f3xx_hal_dma.o
                0x0000000008002a48                HAL_DMA_Abort_IT
 .text.HAL_DMA_IRQHandler
                0x0000000008002ac4      0x146 Drivers/STM32F3xx_HAL_Driver/Src/stm32f3xx_hal_dma.o
                0x0000000008002ac4                HAL_DMA_IRQHandler
 .text.DMA_SetConfig
                0x0000000008002c0a       0x5c Drivers/STM32F3xx_HAL_Driver/Src/stm32f3xx_hal_dma.o
 *fill*         0x0000000008002c66        0x2 
 .text.DMA_CalcBaseAndBitshift
                0x0000000008002c68       0x40 Drivers/STM32F3xx_HAL_Driver/Src/stm32f3xx_hal_dma.o
 .text.HAL_GPIO_Init
                0x0000000008002ca8      0x2e4 Drivers/STM32F3xx_HAL_Driver/Src/stm32f3xx_hal_gpio.o
                0x0000000008002ca8                HAL_GPIO_Init
 .text.HAL_GPIO_WritePin
                0x0000000008002f8c       0x30 Drivers/STM32F3xx_HAL_Driver/Src/stm32f3xx_hal_gpio.o
                0x0000000008002f8c                HAL_GPIO_WritePin
 .text.HAL_RCC_OscConfig
                0x0000000008002fbc      0xe10 Drivers/STM32F3xx_HAL_Driver/Src/stm32f3xx_hal_rcc.o
                0x0000000008002fbc                HAL_RCC_OscConfig
 .text.HAL_RCC_ClockConfig
                0x0000000008003dcc      0x2f8 Drivers/STM32F3xx_HAL_Driver/Src/stm32f3xx_hal_rcc.o
                0x0000000008003dcc                HAL_RCC_ClockConfig
 .text.HAL_RCC_GetSysClockFreq
                0x00000000080040c4       0xd4 Drivers/STM32F3xx_HAL_Driver/Src/stm32f3xx_hal_rcc.o
                0x00000000080040c4                HAL_RCC_GetSysClockFreq
 .text.HAL_RCC_GetHCLKFreq
                0x0000000008004198       0x18 Drivers/STM32F3xx_HAL_Driver/Src/stm32f3xx_hal_rcc.o
                0x0000000008004198                HAL_RCC_GetHCLKFreq
 .text.HAL_RCC_GetPCLK1Freq
                0x00000000080041b0       0x44 Drivers/STM32F3xx_HAL_Driver/Src/stm32f3xx_hal_rcc.o
                0x00000000080041b0                HAL_RCC_GetPCLK1Freq
 .text.HAL_RCC_GetPCLK2Freq
                0x00000000080041f4       0x44 Drivers/STM32F3xx_HAL_Driver/Src/stm32f3xx_hal_rcc.o
                0x00000000080041f4                HAL_RCC_GetPCLK2Freq
 .text.HAL_TIM_Base_Init
                0x0000000008004238       0xae Drivers/STM32F3xx_HAL_Driver/Src/stm32f3xx_hal_tim.o
                0x0000000008004238                HAL_TIM_Base_Init
 .text.HAL_TIM_ConfigClockSource
                0x00000000080042e6      0x17c Drivers/STM32F3xx_HAL_Driver/Src/stm32f3xx_hal_tim.o
                0x00000000080042e6                HAL_TIM_ConfigClockSource
 *fill*         0x0000000008004462        0x2 
 .text.TIM_Base_SetConfig
                0x0000000008004464       0xf0 Drivers/STM32F3xx_HAL_Driver/Src/stm32f3xx_hal_tim.o
                0x0000000008004464                TIM_Base_SetConfig
 .text.TIM_TI1_ConfigInputStage
                0x0000000008004554       0x5e Drivers/STM32F3xx_HAL_Driver/Src/stm32f3xx_hal_tim.o
 .text.TIM_TI2_ConfigInputStage
                0x00000000080045b2       0x60 Drivers/STM32F3xx_HAL_Driver/Src/stm32f3xx_hal_tim.o
 .text.TIM_ITRx_SetConfig
                0x0000000008004612       0x36 Drivers/STM32F3xx_HAL_Driver/Src/stm32f3xx_hal_tim.o
 .text.TIM_ETR_SetConfig
                0x0000000008004648       0x40 Drivers/STM32F3xx_HAL_Driver/Src/stm32f3xx_hal_tim.o
                0x0000000008004648                TIM_ETR_SetConfig
 .text.HAL_TIMEx_MasterConfigSynchronization
                0x0000000008004688       0xdc Drivers/STM32F3xx_HAL_Driver/Src/stm32f3xx_hal_tim_ex.o
                0x0000000008004688                HAL_TIMEx_MasterConfigSynchronization
 .text.HAL_UART_Init
                0x0000000008004764       0x9c Drivers/STM32F3xx_HAL_Driver/Src/stm32f3xx_hal_uart.o
                0x0000000008004764                HAL_UART_Init
 .text.HAL_UART_Transmit_DMA
                0x0000000008004800      0x120 Drivers/STM32F3xx_HAL_Driver/Src/stm32f3xx_hal_uart.o
                0x0000000008004800                HAL_UART_Transmit_DMA
 .text.HAL_UART_Receive_DMA
                0x0000000008004920       0x9c Drivers/STM32F3xx_HAL_Driver/Src/stm32f3xx_hal_uart.o
                0x0000000008004920                HAL_UART_Receive_DMA
 .text.HAL_UART_IRQHandler
                0x00000000080049bc      0x5c0 Drivers/STM32F3xx_HAL_Driver/Src/stm32f3xx_hal_uart.o
                0x00000000080049bc                HAL_UART_IRQHandler
 .text.HAL_UART_TxHalfCpltCallback
                0x0000000008004f7c       0x14 Drivers/STM32F3xx_HAL_Driver/Src/stm32f3xx_hal_uart.o
                0x0000000008004f7c                HAL_UART_TxHalfCpltCallback
 .text.HAL_UART_RxHalfCpltCallback
                0x0000000008004f90       0x14 Drivers/STM32F3xx_HAL_Driver/Src/stm32f3xx_hal_uart.o
                0x0000000008004f90                HAL_UART_RxHalfCpltCallback
 .text.HAL_UART_ErrorCallback
                0x0000000008004fa4       0x14 Drivers/STM32F3xx_HAL_Driver/Src/stm32f3xx_hal_uart.o
                0x0000000008004fa4                HAL_UART_ErrorCallback
 .text.HAL_UARTEx_RxEventCallback
                0x0000000008004fb8       0x18 Drivers/STM32F3xx_HAL_Driver/Src/stm32f3xx_hal_uart.o
                0x0000000008004fb8                HAL_UARTEx_RxEventCallback
 .text.UART_SetConfig
                0x0000000008004fd0      0x270 Drivers/STM32F3xx_HAL_Driver/Src/stm32f3xx_hal_uart.o
                0x0000000008004fd0                UART_SetConfig
 .text.UART_AdvFeatureConfig
                0x0000000008005240      0x144 Drivers/STM32F3xx_HAL_Driver/Src/stm32f3xx_hal_uart.o
                0x0000000008005240                UART_AdvFeatureConfig
 .text.UART_CheckIdleState
                0x0000000008005384       0x92 Drivers/STM32F3xx_HAL_Driver/Src/stm32f3xx_hal_uart.o
                0x0000000008005384                UART_CheckIdleState
 .text.UART_WaitOnFlagUntilTimeout
                0x0000000008005416      0x188 Drivers/STM32F3xx_HAL_Driver/Src/stm32f3xx_hal_uart.o
                0x0000000008005416                UART_WaitOnFlagUntilTimeout
 *fill*         0x000000000800559e        0x2 
 .text.UART_Start_Receive_DMA
                0x00000000080055a0      0x144 Drivers/STM32F3xx_HAL_Driver/Src/stm32f3xx_hal_uart.o
                0x00000000080055a0                UART_Start_Receive_DMA
 .text.UART_EndTxTransfer
                0x00000000080056e4       0x4c Drivers/STM32F3xx_HAL_Driver/Src/stm32f3xx_hal_uart.o
 .text.UART_EndRxTransfer
                0x0000000008005730       0xc6 Drivers/STM32F3xx_HAL_Driver/Src/stm32f3xx_hal_uart.o
 .text.UART_DMATransmitCplt
                0x00000000080057f6       0x94 Drivers/STM32F3xx_HAL_Driver/Src/stm32f3xx_hal_uart.o
 .text.UART_DMATxHalfCplt
                0x000000000800588a       0x1c Drivers/STM32F3xx_HAL_Driver/Src/stm32f3xx_hal_uart.o
 .text.UART_DMAReceiveCplt
                0x00000000080058a6      0x11e Drivers/STM32F3xx_HAL_Driver/Src/stm32f3xx_hal_uart.o
 .text.UART_DMARxHalfCplt
                0x00000000080059c4       0x38 Drivers/STM32F3xx_HAL_Driver/Src/stm32f3xx_hal_uart.o
 .text.UART_DMAError
                0x00000000080059fc       0x7c Drivers/STM32F3xx_HAL_Driver/Src/stm32f3xx_hal_uart.o
 .text.UART_DMAAbortOnError
                0x0000000008005a78       0x2c Drivers/STM32F3xx_HAL_Driver/Src/stm32f3xx_hal_uart.o
 .text.UART_EndTransmit_IT
                0x0000000008005aa4       0x54 Drivers/STM32F3xx_HAL_Driver/Src/stm32f3xx_hal_uart.o
 .text.HAL_UARTEx_WakeupCallback
                0x0000000008005af8       0x14 Drivers/STM32F3xx_HAL_Driver/Src/stm32f3xx_hal_uart_ex.o
                0x0000000008005af8                HAL_UARTEx_WakeupCallback
 .text.__cxa_pure_virtual
                0x0000000008005b0c        0x6 /opt/st/stm32cubeide_1.5.1/plugins/com.st.stm32cube.ide.mcu.externaltools.gnu-tools-for-stm32.7-2018-q2-update.linux64_1.5.0.202011040924/tools/bin/../lib/gcc/arm-none-eabi/7.3.1/../../../../arm-none-eabi/lib/thumb/v7e-m/fpv4-sp/hard/libstdc++_nano.a(pure.o)
                0x0000000008005b0c                __cxa_pure_virtual
 .text._ZN10__cxxabiv111__terminateEPFvvE
                0x0000000008005b12        0x8 /opt/st/stm32cubeide_1.5.1/plugins/com.st.stm32cube.ide.mcu.externaltools.gnu-tools-for-stm32.7-2018-q2-update.linux64_1.5.0.202011040924/tools/bin/../lib/gcc/arm-none-eabi/7.3.1/../../../../arm-none-eabi/lib/thumb/v7e-m/fpv4-sp/hard/libstdc++_nano.a(eh_terminate.o)
                0x0000000008005b12                __cxxabiv1::__terminate(void (*)())
 *fill*         0x0000000008005b1a        0x2 
 .text._ZSt13get_terminatev
                0x0000000008005b1c       0x10 /opt/st/stm32cubeide_1.5.1/plugins/com.st.stm32cube.ide.mcu.externaltools.gnu-tools-for-stm32.7-2018-q2-update.linux64_1.5.0.202011040924/tools/bin/../lib/gcc/arm-none-eabi/7.3.1/../../../../arm-none-eabi/lib/thumb/v7e-m/fpv4-sp/hard/libstdc++_nano.a(eh_terminate.o)
                0x0000000008005b1c                std::get_terminate()
 .text._ZSt9terminatev
                0x0000000008005b2c        0xa /opt/st/stm32cubeide_1.5.1/plugins/com.st.stm32cube.ide.mcu.externaltools.gnu-tools-for-stm32.7-2018-q2-update.linux64_1.5.0.202011040924/tools/bin/../lib/gcc/arm-none-eabi/7.3.1/../../../../arm-none-eabi/lib/thumb/v7e-m/fpv4-sp/hard/libstdc++_nano.a(eh_terminate.o)
                0x0000000008005b2c                std::terminate()
 .text.abort    0x0000000008005b36        0xe /opt/st/stm32cubeide_1.5.1/plugins/com.st.stm32cube.ide.mcu.externaltools.gnu-tools-for-stm32.7-2018-q2-update.linux64_1.5.0.202011040924/tools/bin/../lib/gcc/arm-none-eabi/7.3.1/../../../../arm-none-eabi/lib/thumb/v7e-m/fpv4-sp/hard/libc_nano.a(lib_a-abort.o)
                0x0000000008005b36                abort
 .text.__errno  0x0000000008005b44        0xc /opt/st/stm32cubeide_1.5.1/plugins/com.st.stm32cube.ide.mcu.externaltools.gnu-tools-for-stm32.7-2018-q2-update.linux64_1.5.0.202011040924/tools/bin/../lib/gcc/arm-none-eabi/7.3.1/../../../../arm-none-eabi/lib/thumb/v7e-m/fpv4-sp/hard/libc_nano.a(lib_a-errno.o)
                0x0000000008005b44                __errno
 .text.__libc_init_array
                0x0000000008005b50       0x48 /opt/st/stm32cubeide_1.5.1/plugins/com.st.stm32cube.ide.mcu.externaltools.gnu-tools-for-stm32.7-2018-q2-update.linux64_1.5.0.202011040924/tools/bin/../lib/gcc/arm-none-eabi/7.3.1/../../../../arm-none-eabi/lib/thumb/v7e-m/fpv4-sp/hard/libc_nano.a(lib_a-init.o)
                0x0000000008005b50                __libc_init_array
 .text.memcpy   0x0000000008005b98       0x16 /opt/st/stm32cubeide_1.5.1/plugins/com.st.stm32cube.ide.mcu.externaltools.gnu-tools-for-stm32.7-2018-q2-update.linux64_1.5.0.202011040924/tools/bin/../lib/gcc/arm-none-eabi/7.3.1/../../../../arm-none-eabi/lib/thumb/v7e-m/fpv4-sp/hard/libc_nano.a(lib_a-memcpy-stub.o)
                0x0000000008005b98                memcpy
 .text.memset   0x0000000008005bae       0x10 /opt/st/stm32cubeide_1.5.1/plugins/com.st.stm32cube.ide.mcu.externaltools.gnu-tools-for-stm32.7-2018-q2-update.linux64_1.5.0.202011040924/tools/bin/../lib/gcc/arm-none-eabi/7.3.1/../../../../arm-none-eabi/lib/thumb/v7e-m/fpv4-sp/hard/libc_nano.a(lib_a-memset.o)
                0x0000000008005bae                memset
 *fill*         0x0000000008005bbe        0x2 
 .text.realloc  0x0000000008005bc0       0x10 /opt/st/stm32cubeide_1.5.1/plugins/com.st.stm32cube.ide.mcu.externaltools.gnu-tools-for-stm32.7-2018-q2-update.linux64_1.5.0.202011040924/tools/bin/../lib/gcc/arm-none-eabi/7.3.1/../../../../arm-none-eabi/lib/thumb/v7e-m/fpv4-sp/hard/libc_nano.a(lib_a-realloc.o)
                0x0000000008005bc0                realloc
 .text._raise_r
                0x0000000008005bd0       0x50 /opt/st/stm32cubeide_1.5.1/plugins/com.st.stm32cube.ide.mcu.externaltools.gnu-tools-for-stm32.7-2018-q2-update.linux64_1.5.0.202011040924/tools/bin/../lib/gcc/arm-none-eabi/7.3.1/../../../../arm-none-eabi/lib/thumb/v7e-m/fpv4-sp/hard/libc_nano.a(lib_a-signal.o)
                0x0000000008005bd0                _raise_r
 .text.raise    0x0000000008005c20       0x10 /opt/st/stm32cubeide_1.5.1/plugins/com.st.stm32cube.ide.mcu.externaltools.gnu-tools-for-stm32.7-2018-q2-update.linux64_1.5.0.202011040924/tools/bin/../lib/gcc/arm-none-eabi/7.3.1/../../../../arm-none-eabi/lib/thumb/v7e-m/fpv4-sp/hard/libc_nano.a(lib_a-signal.o)
                0x0000000008005c20                raise
 .text._kill_r  0x0000000008005c30       0x24 /opt/st/stm32cubeide_1.5.1/plugins/com.st.stm32cube.ide.mcu.externaltools.gnu-tools-for-stm32.7-2018-q2-update.linux64_1.5.0.202011040924/tools/bin/../lib/gcc/arm-none-eabi/7.3.1/../../../../arm-none-eabi/lib/thumb/v7e-m/fpv4-sp/hard/libc_nano.a(lib_a-signalr.o)
                0x0000000008005c30                _kill_r
 .text._getpid_r
                0x0000000008005c54        0x4 /opt/st/stm32cubeide_1.5.1/plugins/com.st.stm32cube.ide.mcu.externaltools.gnu-tools-for-stm32.7-2018-q2-update.linux64_1.5.0.202011040924/tools/bin/../lib/gcc/arm-none-eabi/7.3.1/../../../../arm-none-eabi/lib/thumb/v7e-m/fpv4-sp/hard/libc_nano.a(lib_a-signalr.o)
                0x0000000008005c54                _getpid_r
 .text._malloc_r
                0x0000000008005c58       0xb4 /opt/st/stm32cubeide_1.5.1/plugins/com.st.stm32cube.ide.mcu.externaltools.gnu-tools-for-stm32.7-2018-q2-update.linux64_1.5.0.202011040924/tools/bin/../lib/gcc/arm-none-eabi/7.3.1/../../../../arm-none-eabi/lib/thumb/v7e-m/fpv4-sp/hard/libc_nano.a(lib_a-nano-mallocr.o)
                0x0000000008005c58                _malloc_r
 .text._realloc_r
                0x0000000008005d0c       0x4c /opt/st/stm32cubeide_1.5.1/plugins/com.st.stm32cube.ide.mcu.externaltools.gnu-tools-for-stm32.7-2018-q2-update.linux64_1.5.0.202011040924/tools/bin/../lib/gcc/arm-none-eabi/7.3.1/../../../../arm-none-eabi/lib/thumb/v7e-m/fpv4-sp/hard/libc_nano.a(lib_a-nano-reallocr.o)
                0x0000000008005d0c                _realloc_r
 .text._sbrk_r  0x0000000008005d58       0x20 /opt/st/stm32cubeide_1.5.1/plugins/com.st.stm32cube.ide.mcu.externaltools.gnu-tools-for-stm32.7-2018-q2-update.linux64_1.5.0.202011040924/tools/bin/../lib/gcc/arm-none-eabi/7.3.1/../../../../arm-none-eabi/lib/thumb/v7e-m/fpv4-sp/hard/libc_nano.a(lib_a-sbrkr.o)
                0x0000000008005d58                _sbrk_r
 .text.__malloc_lock
                0x0000000008005d78        0x2 /opt/st/stm32cubeide_1.5.1/plugins/com.st.stm32cube.ide.mcu.externaltools.gnu-tools-for-stm32.7-2018-q2-update.linux64_1.5.0.202011040924/tools/bin/../lib/gcc/arm-none-eabi/7.3.1/../../../../arm-none-eabi/lib/thumb/v7e-m/fpv4-sp/hard/libc_nano.a(lib_a-mlock.o)
                0x0000000008005d78                __malloc_lock
 .text.__malloc_unlock
                0x0000000008005d7a        0x2 /opt/st/stm32cubeide_1.5.1/plugins/com.st.stm32cube.ide.mcu.externaltools.gnu-tools-for-stm32.7-2018-q2-update.linux64_1.5.0.202011040924/tools/bin/../lib/gcc/arm-none-eabi/7.3.1/../../../../arm-none-eabi/lib/thumb/v7e-m/fpv4-sp/hard/libc_nano.a(lib_a-mlock.o)
                0x0000000008005d7a                __malloc_unlock
 .text._free_r  0x0000000008005d7c       0x9c /opt/st/stm32cubeide_1.5.1/plugins/com.st.stm32cube.ide.mcu.externaltools.gnu-tools-for-stm32.7-2018-q2-update.linux64_1.5.0.202011040924/tools/bin/../lib/gcc/arm-none-eabi/7.3.1/../../../../arm-none-eabi/lib/thumb/v7e-m/fpv4-sp/hard/libc_nano.a(lib_a-nano-freer.o)
                0x0000000008005d7c                _free_r
 .text._malloc_usable_size_r
                0x0000000008005e18       0x10 /opt/st/stm32cubeide_1.5.1/plugins/com.st.stm32cube.ide.mcu.externaltools.gnu-tools-for-stm32.7-2018-q2-update.linux64_1.5.0.202011040924/tools/bin/../lib/gcc/arm-none-eabi/7.3.1/../../../../arm-none-eabi/lib/thumb/v7e-m/fpv4-sp/hard/libc_nano.a(lib_a-nano-msizer.o)
                0x0000000008005e18                _malloc_usable_size_r
 *(.glue_7)
 .glue_7        0x0000000008005e28        0x0 linker stubs
 *(.glue_7t)
 .glue_7t       0x0000000008005e28        0x0 linker stubs
 *(.eh_frame)
 .eh_frame      0x0000000008005e28        0x0 /opt/st/stm32cubeide_1.5.1/plugins/com.st.stm32cube.ide.mcu.externaltools.gnu-tools-for-stm32.7-2018-q2-update.linux64_1.5.0.202011040924/tools/bin/../lib/gcc/arm-none-eabi/7.3.1/thumb/v7e-m/fpv4-sp/hard/crtbegin.o
 *(.init)
 .init          0x0000000008005e28        0x4 /opt/st/stm32cubeide_1.5.1/plugins/com.st.stm32cube.ide.mcu.externaltools.gnu-tools-for-stm32.7-2018-q2-update.linux64_1.5.0.202011040924/tools/bin/../lib/gcc/arm-none-eabi/7.3.1/thumb/v7e-m/fpv4-sp/hard/crti.o
                0x0000000008005e28                _init
 .init          0x0000000008005e2c        0x8 /opt/st/stm32cubeide_1.5.1/plugins/com.st.stm32cube.ide.mcu.externaltools.gnu-tools-for-stm32.7-2018-q2-update.linux64_1.5.0.202011040924/tools/bin/../lib/gcc/arm-none-eabi/7.3.1/thumb/v7e-m/fpv4-sp/hard/crtn.o
 *(.fini)
 .fini          0x0000000008005e34        0x4 /opt/st/stm32cubeide_1.5.1/plugins/com.st.stm32cube.ide.mcu.externaltools.gnu-tools-for-stm32.7-2018-q2-update.linux64_1.5.0.202011040924/tools/bin/../lib/gcc/arm-none-eabi/7.3.1/thumb/v7e-m/fpv4-sp/hard/crti.o
                0x0000000008005e34                _fini
 .fini          0x0000000008005e38        0x8 /opt/st/stm32cubeide_1.5.1/plugins/com.st.stm32cube.ide.mcu.externaltools.gnu-tools-for-stm32.7-2018-q2-update.linux64_1.5.0.202011040924/tools/bin/../lib/gcc/arm-none-eabi/7.3.1/thumb/v7e-m/fpv4-sp/hard/crtn.o
                0x0000000008005e40                . = ALIGN (0x4)
                0x0000000008005e40                _etext = .

.vfp11_veneer   0x0000000008005e40        0x0
 .vfp11_veneer  0x0000000008005e40        0x0 linker stubs

.v4_bx          0x0000000008005e40        0x0
 .v4_bx         0x0000000008005e40        0x0 linker stubs

.iplt           0x0000000008005e40        0x0
 .iplt          0x0000000008005e40        0x0 /opt/st/stm32cubeide_1.5.1/plugins/com.st.stm32cube.ide.mcu.externaltools.gnu-tools-for-stm32.7-2018-q2-update.linux64_1.5.0.202011040924/tools/bin/../lib/gcc/arm-none-eabi/7.3.1/thumb/v7e-m/fpv4-sp/hard/crtbegin.o

.rodata         0x0000000008005e40      0x294
                0x0000000008005e40                . = ALIGN (0x4)
 *(.rodata)
 .rodata        0x0000000008005e40      0x158 Core/Src/mainpp.o
 *(.rodata*)
 .rodata._ZN14rosserial_msgsL12REQUESTPARAME
                0x0000000008005f98       0x1c Core/Src/mainpp.o
 .rodata._ZTVN3ros10SubscriberIN8std_msgs6StringEvEE
                0x0000000008005fb4       0x18 Core/Src/mainpp.o
                0x0000000008005fb4                vtable for ros::Subscriber<std_msgs::String, void>
 .rodata._ZTVN3ros11NodeHandle_I13STM32HardwareLi25ELi25ELi512ELi512EEE
                0x0000000008005fcc       0x14 Core/Src/mainpp.o
                0x0000000008005fcc                vtable for ros::NodeHandle_<STM32Hardware, 25, 25, 512, 512>
 .rodata._ZTVN8std_msgs6StringE
                0x0000000008005fe0       0x18 Core/Src/mainpp.o
                0x0000000008005fe0                vtable for std_msgs::String
 .rodata._ZTVN3ros11Subscriber_E
                0x0000000008005ff8       0x18 Core/Src/mainpp.o
                0x0000000008005ff8                vtable for ros::Subscriber_
 .rodata._ZTVN3ros15NodeHandleBase_E
                0x0000000008006010       0x14 Core/Src/mainpp.o
                0x0000000008006010                vtable for ros::NodeHandleBase_
 .rodata._ZTVN14rosserial_msgs20RequestParamResponseE
                0x0000000008006024       0x18 Core/Src/mainpp.o
                0x0000000008006024                vtable for rosserial_msgs::RequestParamResponse
 .rodata._ZTVN14rosserial_msgs3LogE
                0x000000000800603c       0x18 Core/Src/mainpp.o
                0x000000000800603c                vtable for rosserial_msgs::Log
 .rodata._ZTVN14rosserial_msgs9TopicInfoE
                0x0000000008006054       0x18 Core/Src/mainpp.o
                0x0000000008006054                vtable for rosserial_msgs::TopicInfo
 .rodata._ZTVN8std_msgs4TimeE
                0x000000000800606c       0x18 Core/Src/mainpp.o
                0x000000000800606c                vtable for std_msgs::Time
 .rodata._ZTVN3ros3MsgE
                0x0000000008006084       0x18 Core/Src/mainpp.o
                0x0000000008006084                vtable for ros::Msg
 .rodata.AHBPrescTable
                0x000000000800609c       0x10 Core/Src/system_stm32f3xx.o
                0x000000000800609c                AHBPrescTable
 .rodata.APBPrescTable
                0x00000000080060ac        0x8 Core/Src/system_stm32f3xx.o
                0x00000000080060ac                APBPrescTable
 .rodata.aPLLMULFactorTable
                0x00000000080060b4       0x10 Drivers/STM32F3xx_HAL_Driver/Src/stm32f3xx_hal_rcc.o
                0x00000000080060b4                aPLLMULFactorTable
 .rodata.aPredivFactorTable
                0x00000000080060c4       0x10 Drivers/STM32F3xx_HAL_Driver/Src/stm32f3xx_hal_rcc.o
                0x00000000080060c4                aPredivFactorTable
                0x00000000080060d4                . = ALIGN (0x4)

.rel.dyn        0x00000000080060d4        0x0
 .rel.iplt      0x00000000080060d4        0x0 /opt/st/stm32cubeide_1.5.1/plugins/com.st.stm32cube.ide.mcu.externaltools.gnu-tools-for-stm32.7-2018-q2-update.linux64_1.5.0.202011040924/tools/bin/../lib/gcc/arm-none-eabi/7.3.1/thumb/v7e-m/fpv4-sp/hard/crtbegin.o

.ARM.extab      0x00000000080060d4        0x0
                0x00000000080060d4                . = ALIGN (0x4)
 *(.ARM.extab* .gnu.linkonce.armextab.*)
                0x00000000080060d4                . = ALIGN (0x4)

.ARM            0x00000000080060d4        0x0
                0x00000000080060d4                . = ALIGN (0x4)
                0x00000000080060d4                __exidx_start = .
 *(.ARM.exidx*)
                0x00000000080060d4                __exidx_end = .
                0x00000000080060d4                . = ALIGN (0x4)

.preinit_array  0x00000000080060d4        0x0
                0x00000000080060d4                . = ALIGN (0x4)
                0x00000000080060d4                PROVIDE (__preinit_array_start = .)
 *(.preinit_array*)
                0x00000000080060d4                PROVIDE (__preinit_array_end = .)
                0x00000000080060d4                . = ALIGN (0x4)

.init_array     0x00000000080060d4        0x8
                0x00000000080060d4                . = ALIGN (0x4)
                0x00000000080060d4                PROVIDE (__init_array_start = .)
 *(SORT_BY_NAME(.init_array.*))
 *(.init_array*)
 .init_array    0x00000000080060d4        0x4 /opt/st/stm32cubeide_1.5.1/plugins/com.st.stm32cube.ide.mcu.externaltools.gnu-tools-for-stm32.7-2018-q2-update.linux64_1.5.0.202011040924/tools/bin/../lib/gcc/arm-none-eabi/7.3.1/thumb/v7e-m/fpv4-sp/hard/crtbegin.o
 .init_array    0x00000000080060d8        0x4 Core/Src/mainpp.o
                0x00000000080060dc                PROVIDE (__init_array_end = .)
                0x00000000080060dc                . = ALIGN (0x4)

.fini_array     0x00000000080060dc        0x4
                0x00000000080060dc                . = ALIGN (0x4)
                [!provide]                        PROVIDE (__fini_array_start = .)
 *(SORT_BY_NAME(.fini_array.*))
 *(.fini_array*)
 .fini_array    0x00000000080060dc        0x4 /opt/st/stm32cubeide_1.5.1/plugins/com.st.stm32cube.ide.mcu.externaltools.gnu-tools-for-stm32.7-2018-q2-update.linux64_1.5.0.202011040924/tools/bin/../lib/gcc/arm-none-eabi/7.3.1/thumb/v7e-m/fpv4-sp/hard/crtbegin.o
                [!provide]                        PROVIDE (__fini_array_end = .)
                0x00000000080060e0                . = ALIGN (0x4)
                0x00000000080060e0                _sidata = LOADADDR (.data)

.data           0x0000000020000000       0x74 load address 0x00000000080060e0
                0x0000000020000000                . = ALIGN (0x4)
                0x0000000020000000                _sdata = .
 *(.data)
 *(.data*)
 .data.SystemCoreClock
                0x0000000020000000        0x4 Core/Src/system_stm32f3xx.o
                0x0000000020000000                SystemCoreClock
 .data.uwTickPrio
                0x0000000020000004        0x4 Drivers/STM32F3xx_HAL_Driver/Src/stm32f3xx_hal.o
                0x0000000020000004                uwTickPrio
 .data.uwTickFreq
                0x0000000020000008        0x1 Drivers/STM32F3xx_HAL_Driver/Src/stm32f3xx_hal.o
                0x0000000020000008                uwTickFreq
 *fill*         0x0000000020000009        0x3 
 .data._ZN10__cxxabiv119__terminate_handlerE
                0x000000002000000c        0x4 /opt/st/stm32cubeide_1.5.1/plugins/com.st.stm32cube.ide.mcu.externaltools.gnu-tools-for-stm32.7-2018-q2-update.linux64_1.5.0.202011040924/tools/bin/../lib/gcc/arm-none-eabi/7.3.1/../../../../arm-none-eabi/lib/thumb/v7e-m/fpv4-sp/hard/libstdc++_nano.a(eh_term_handler.o)
                0x000000002000000c                __cxxabiv1::__terminate_handler
 .data._impure_ptr
                0x0000000020000010        0x4 /opt/st/stm32cubeide_1.5.1/plugins/com.st.stm32cube.ide.mcu.externaltools.gnu-tools-for-stm32.7-2018-q2-update.linux64_1.5.0.202011040924/tools/bin/../lib/gcc/arm-none-eabi/7.3.1/../../../../arm-none-eabi/lib/thumb/v7e-m/fpv4-sp/hard/libc_nano.a(lib_a-impure.o)
                0x0000000020000010                _impure_ptr
 .data.impure_data
                0x0000000020000014       0x60 /opt/st/stm32cubeide_1.5.1/plugins/com.st.stm32cube.ide.mcu.externaltools.gnu-tools-for-stm32.7-2018-q2-update.linux64_1.5.0.202011040924/tools/bin/../lib/gcc/arm-none-eabi/7.3.1/../../../../arm-none-eabi/lib/thumb/v7e-m/fpv4-sp/hard/libc_nano.a(lib_a-impure.o)
 *(.RamFunc)
 *(.RamFunc*)
                0x0000000020000074                . = ALIGN (0x4)
                0x0000000020000074                _edata = .

.igot.plt       0x0000000020000074        0x0 load address 0x0000000008006154
 .igot.plt      0x0000000020000074        0x0 /opt/st/stm32cubeide_1.5.1/plugins/com.st.stm32cube.ide.mcu.externaltools.gnu-tools-for-stm32.7-2018-q2-update.linux64_1.5.0.202011040924/tools/bin/../lib/gcc/arm-none-eabi/7.3.1/thumb/v7e-m/fpv4-sp/hard/crtbegin.o
                0x0000000020000074                . = ALIGN (0x4)

.bss            0x0000000020000074      0xae4 load address 0x0000000008006154
                0x0000000020000074                _sbss = .
                0x0000000020000074                __bss_start__ = _sbss
 *(.bss)
 .bss           0x0000000020000074       0x1c /opt/st/stm32cubeide_1.5.1/plugins/com.st.stm32cube.ide.mcu.externaltools.gnu-tools-for-stm32.7-2018-q2-update.linux64_1.5.0.202011040924/tools/bin/../lib/gcc/arm-none-eabi/7.3.1/thumb/v7e-m/fpv4-sp/hard/crtbegin.o
 *(.bss*)
 .bss._ZZN13STM32Hardware5flushEvE5mutex
                0x0000000020000090        0x1 Core/Src/mainpp.o
                0x0000000020000090                STM32Hardware::flush()::mutex
 *fill*         0x0000000020000091        0x3 
 .bss.nh        0x0000000020000094      0x93c Core/Src/mainpp.o
                0x0000000020000094                nh
 .bss.sub       0x00000000200009d0       0x1c Core/Src/mainpp.o
                0x00000000200009d0                sub
 .bss.__sbrk_heap_end
                0x00000000200009ec        0x4 Core/Src/sysmem.o
 .bss.__malloc_free_list
                0x00000000200009f0        0x4 /opt/st/stm32cubeide_1.5.1/plugins/com.st.stm32cube.ide.mcu.externaltools.gnu-tools-for-stm32.7-2018-q2-update.linux64_1.5.0.202011040924/tools/bin/../lib/gcc/arm-none-eabi/7.3.1/../../../../arm-none-eabi/lib/thumb/v7e-m/fpv4-sp/hard/libc_nano.a(lib_a-nano-mallocr.o)
                0x00000000200009f0                __malloc_free_list
 .bss.__malloc_sbrk_start
                0x00000000200009f4        0x4 /opt/st/stm32cubeide_1.5.1/plugins/com.st.stm32cube.ide.mcu.externaltools.gnu-tools-for-stm32.7-2018-q2-update.linux64_1.5.0.202011040924/tools/bin/../lib/gcc/arm-none-eabi/7.3.1/../../../../arm-none-eabi/lib/thumb/v7e-m/fpv4-sp/hard/libc_nano.a(lib_a-nano-mallocr.o)
                0x00000000200009f4                __malloc_sbrk_start
 *(COMMON)
 COMMON         0x00000000200009f8      0x158 Core/Src/main.o
                0x00000000200009f8                hdma_usart2_rx
                0x0000000020000a3c                hdma_usart2_tx
                0x0000000020000a80                htim2
                0x0000000020000acc                huart2
 COMMON         0x0000000020000b50        0x4 Drivers/STM32F3xx_HAL_Driver/Src/stm32f3xx_hal.o
                0x0000000020000b50                uwTick
 COMMON         0x0000000020000b54        0x4 /opt/st/stm32cubeide_1.5.1/plugins/com.st.stm32cube.ide.mcu.externaltools.gnu-tools-for-stm32.7-2018-q2-update.linux64_1.5.0.202011040924/tools/bin/../lib/gcc/arm-none-eabi/7.3.1/../../../../arm-none-eabi/lib/thumb/v7e-m/fpv4-sp/hard/libc_nano.a(lib_a-reent.o)
                0x0000000020000b54                errno
                0x0000000020000b58                . = ALIGN (0x4)
                0x0000000020000b58                _ebss = .
                0x0000000020000b58                __bss_end__ = _ebss

._user_heap_stack
                0x0000000020000b58      0x600 load address 0x0000000008006154
                0x0000000020000b58                . = ALIGN (0x8)
                [!provide]                        PROVIDE (end = .)
                0x0000000020000b58                PROVIDE (_end = .)
                0x0000000020000d58                . = (. + _Min_Heap_Size)
 *fill*         0x0000000020000b58      0x200 
                0x0000000020001158                . = (. + _Min_Stack_Size)
 *fill*         0x0000000020000d58      0x400 
                0x0000000020001158                . = ALIGN (0x8)

/DISCARD/
 libc.a(*)
 libm.a(*)
 libgcc.a(*)

.ARM.attributes
                0x0000000000000000       0x30
 *(.ARM.attributes)
 .ARM.attributes
                0x0000000000000000       0x22 /opt/st/stm32cubeide_1.5.1/plugins/com.st.stm32cube.ide.mcu.externaltools.gnu-tools-for-stm32.7-2018-q2-update.linux64_1.5.0.202011040924/tools/bin/../lib/gcc/arm-none-eabi/7.3.1/thumb/v7e-m/fpv4-sp/hard/crti.o
 .ARM.attributes
                0x0000000000000022       0x34 /opt/st/stm32cubeide_1.5.1/plugins/com.st.stm32cube.ide.mcu.externaltools.gnu-tools-for-stm32.7-2018-q2-update.linux64_1.5.0.202011040924/tools/bin/../lib/gcc/arm-none-eabi/7.3.1/thumb/v7e-m/fpv4-sp/hard/crtbegin.o
 .ARM.attributes
                0x0000000000000056       0x39 Core/Inc/time.o
 .ARM.attributes
                0x000000000000008f       0x39 Core/Src/main.o
 .ARM.attributes
                0x00000000000000c8       0x39 Core/Src/mainpp.o
 .ARM.attributes
                0x0000000000000101       0x39 Core/Src/stm32f3xx_hal_msp.o
 .ARM.attributes
                0x000000000000013a       0x39 Core/Src/stm32f3xx_it.o
 .ARM.attributes
                0x0000000000000173       0x39 Core/Src/syscalls.o
 .ARM.attributes
                0x00000000000001ac       0x39 Core/Src/sysmem.o
 .ARM.attributes
                0x00000000000001e5       0x39 Core/Src/system_stm32f3xx.o
 .ARM.attributes
                0x000000000000021e       0x21 Core/Startup/startup_stm32f303k8tx.o
 .ARM.attributes
                0x000000000000023f       0x39 Drivers/STM32F3xx_HAL_Driver/Src/stm32f3xx_hal.o
 .ARM.attributes
                0x0000000000000278       0x39 Drivers/STM32F3xx_HAL_Driver/Src/stm32f3xx_hal_cortex.o
 .ARM.attributes
                0x00000000000002b1       0x39 Drivers/STM32F3xx_HAL_Driver/Src/stm32f3xx_hal_dma.o
 .ARM.attributes
                0x00000000000002ea       0x39 Drivers/STM32F3xx_HAL_Driver/Src/stm32f3xx_hal_gpio.o
 .ARM.attributes
                0x0000000000000323       0x39 Drivers/STM32F3xx_HAL_Driver/Src/stm32f3xx_hal_rcc.o
 .ARM.attributes
                0x000000000000035c       0x39 Drivers/STM32F3xx_HAL_Driver/Src/stm32f3xx_hal_tim.o
 .ARM.attributes
                0x0000000000000395       0x39 Drivers/STM32F3xx_HAL_Driver/Src/stm32f3xx_hal_tim_ex.o
 .ARM.attributes
                0x00000000000003ce       0x39 Drivers/STM32F3xx_HAL_Driver/Src/stm32f3xx_hal_uart.o
 .ARM.attributes
                0x0000000000000407       0x39 Drivers/STM32F3xx_HAL_Driver/Src/stm32f3xx_hal_uart_ex.o
 .ARM.attributes
                0x0000000000000440       0x34 /opt/st/stm32cubeide_1.5.1/plugins/com.st.stm32cube.ide.mcu.externaltools.gnu-tools-for-stm32.7-2018-q2-update.linux64_1.5.0.202011040924/tools/bin/../lib/gcc/arm-none-eabi/7.3.1/../../../../arm-none-eabi/lib/thumb/v7e-m/fpv4-sp/hard/libstdc++_nano.a(pure.o)
 .ARM.attributes
                0x0000000000000474       0x34 /opt/st/stm32cubeide_1.5.1/plugins/com.st.stm32cube.ide.mcu.externaltools.gnu-tools-for-stm32.7-2018-q2-update.linux64_1.5.0.202011040924/tools/bin/../lib/gcc/arm-none-eabi/7.3.1/../../../../arm-none-eabi/lib/thumb/v7e-m/fpv4-sp/hard/libstdc++_nano.a(eh_terminate.o)
 .ARM.attributes
                0x00000000000004a8       0x34 /opt/st/stm32cubeide_1.5.1/plugins/com.st.stm32cube.ide.mcu.externaltools.gnu-tools-for-stm32.7-2018-q2-update.linux64_1.5.0.202011040924/tools/bin/../lib/gcc/arm-none-eabi/7.3.1/../../../../arm-none-eabi/lib/thumb/v7e-m/fpv4-sp/hard/libstdc++_nano.a(eh_term_handler.o)
 .ARM.attributes
                0x00000000000004dc       0x34 /opt/st/stm32cubeide_1.5.1/plugins/com.st.stm32cube.ide.mcu.externaltools.gnu-tools-for-stm32.7-2018-q2-update.linux64_1.5.0.202011040924/tools/bin/../lib/gcc/arm-none-eabi/7.3.1/../../../../arm-none-eabi/lib/thumb/v7e-m/fpv4-sp/hard/libc_nano.a(lib_a-abort.o)
 .ARM.attributes
                0x0000000000000510       0x34 /opt/st/stm32cubeide_1.5.1/plugins/com.st.stm32cube.ide.mcu.externaltools.gnu-tools-for-stm32.7-2018-q2-update.linux64_1.5.0.202011040924/tools/bin/../lib/gcc/arm-none-eabi/7.3.1/../../../../arm-none-eabi/lib/thumb/v7e-m/fpv4-sp/hard/libc_nano.a(lib_a-errno.o)
 .ARM.attributes
                0x0000000000000544       0x34 /opt/st/stm32cubeide_1.5.1/plugins/com.st.stm32cube.ide.mcu.externaltools.gnu-tools-for-stm32.7-2018-q2-update.linux64_1.5.0.202011040924/tools/bin/../lib/gcc/arm-none-eabi/7.3.1/../../../../arm-none-eabi/lib/thumb/v7e-m/fpv4-sp/hard/libc_nano.a(lib_a-impure.o)
 .ARM.attributes
                0x0000000000000578       0x34 /opt/st/stm32cubeide_1.5.1/plugins/com.st.stm32cube.ide.mcu.externaltools.gnu-tools-for-stm32.7-2018-q2-update.linux64_1.5.0.202011040924/tools/bin/../lib/gcc/arm-none-eabi/7.3.1/../../../../arm-none-eabi/lib/thumb/v7e-m/fpv4-sp/hard/libc_nano.a(lib_a-init.o)
 .ARM.attributes
                0x00000000000005ac       0x34 /opt/st/stm32cubeide_1.5.1/plugins/com.st.stm32cube.ide.mcu.externaltools.gnu-tools-for-stm32.7-2018-q2-update.linux64_1.5.0.202011040924/tools/bin/../lib/gcc/arm-none-eabi/7.3.1/../../../../arm-none-eabi/lib/thumb/v7e-m/fpv4-sp/hard/libc_nano.a(lib_a-memcpy-stub.o)
 .ARM.attributes
                0x00000000000005e0       0x34 /opt/st/stm32cubeide_1.5.1/plugins/com.st.stm32cube.ide.mcu.externaltools.gnu-tools-for-stm32.7-2018-q2-update.linux64_1.5.0.202011040924/tools/bin/../lib/gcc/arm-none-eabi/7.3.1/../../../../arm-none-eabi/lib/thumb/v7e-m/fpv4-sp/hard/libc_nano.a(lib_a-memset.o)
 .ARM.attributes
                0x0000000000000614       0x34 /opt/st/stm32cubeide_1.5.1/plugins/com.st.stm32cube.ide.mcu.externaltools.gnu-tools-for-stm32.7-2018-q2-update.linux64_1.5.0.202011040924/tools/bin/../lib/gcc/arm-none-eabi/7.3.1/../../../../arm-none-eabi/lib/thumb/v7e-m/fpv4-sp/hard/libc_nano.a(lib_a-realloc.o)
 .ARM.attributes
                0x0000000000000648       0x34 /opt/st/stm32cubeide_1.5.1/plugins/com.st.stm32cube.ide.mcu.externaltools.gnu-tools-for-stm32.7-2018-q2-update.linux64_1.5.0.202011040924/tools/bin/../lib/gcc/arm-none-eabi/7.3.1/../../../../arm-none-eabi/lib/thumb/v7e-m/fpv4-sp/hard/libc_nano.a(lib_a-signal.o)
 .ARM.attributes
                0x000000000000067c       0x34 /opt/st/stm32cubeide_1.5.1/plugins/com.st.stm32cube.ide.mcu.externaltools.gnu-tools-for-stm32.7-2018-q2-update.linux64_1.5.0.202011040924/tools/bin/../lib/gcc/arm-none-eabi/7.3.1/../../../../arm-none-eabi/lib/thumb/v7e-m/fpv4-sp/hard/libc_nano.a(lib_a-signalr.o)
 .ARM.attributes
                0x00000000000006b0       0x20 /opt/st/stm32cubeide_1.5.1/plugins/com.st.stm32cube.ide.mcu.externaltools.gnu-tools-for-stm32.7-2018-q2-update.linux64_1.5.0.202011040924/tools/bin/../lib/gcc/arm-none-eabi/7.3.1/../../../../arm-none-eabi/lib/thumb/v7e-m/fpv4-sp/hard/libc_nano.a(lib_a-strcmp.o)
 .ARM.attributes
                0x00000000000006d0       0x1b /opt/st/stm32cubeide_1.5.1/plugins/com.st.stm32cube.ide.mcu.externaltools.gnu-tools-for-stm32.7-2018-q2-update.linux64_1.5.0.202011040924/tools/bin/../lib/gcc/arm-none-eabi/7.3.1/../../../../arm-none-eabi/lib/thumb/v7e-m/fpv4-sp/hard/libc_nano.a(lib_a-strlen.o)
 .ARM.attributes
                0x00000000000006eb       0x34 /opt/st/stm32cubeide_1.5.1/plugins/com.st.stm32cube.ide.mcu.externaltools.gnu-tools-for-stm32.7-2018-q2-update.linux64_1.5.0.202011040924/tools/bin/../lib/gcc/arm-none-eabi/7.3.1/../../../../arm-none-eabi/lib/thumb/v7e-m/fpv4-sp/hard/libc_nano.a(lib_a-nano-mallocr.o)
 .ARM.attributes
                0x000000000000071f       0x34 /opt/st/stm32cubeide_1.5.1/plugins/com.st.stm32cube.ide.mcu.externaltools.gnu-tools-for-stm32.7-2018-q2-update.linux64_1.5.0.202011040924/tools/bin/../lib/gcc/arm-none-eabi/7.3.1/../../../../arm-none-eabi/lib/thumb/v7e-m/fpv4-sp/hard/libc_nano.a(lib_a-nano-reallocr.o)
 .ARM.attributes
                0x0000000000000753       0x34 /opt/st/stm32cubeide_1.5.1/plugins/com.st.stm32cube.ide.mcu.externaltools.gnu-tools-for-stm32.7-2018-q2-update.linux64_1.5.0.202011040924/tools/bin/../lib/gcc/arm-none-eabi/7.3.1/../../../../arm-none-eabi/lib/thumb/v7e-m/fpv4-sp/hard/libc_nano.a(lib_a-reent.o)
 .ARM.attributes
                0x0000000000000787       0x34 /opt/st/stm32cubeide_1.5.1/plugins/com.st.stm32cube.ide.mcu.externaltools.gnu-tools-for-stm32.7-2018-q2-update.linux64_1.5.0.202011040924/tools/bin/../lib/gcc/arm-none-eabi/7.3.1/../../../../arm-none-eabi/lib/thumb/v7e-m/fpv4-sp/hard/libc_nano.a(lib_a-sbrkr.o)
 .ARM.attributes
                0x00000000000007bb       0x34 /opt/st/stm32cubeide_1.5.1/plugins/com.st.stm32cube.ide.mcu.externaltools.gnu-tools-for-stm32.7-2018-q2-update.linux64_1.5.0.202011040924/tools/bin/../lib/gcc/arm-none-eabi/7.3.1/../../../../arm-none-eabi/lib/thumb/v7e-m/fpv4-sp/hard/libc_nano.a(lib_a-mlock.o)
 .ARM.attributes
                0x00000000000007ef       0x34 /opt/st/stm32cubeide_1.5.1/plugins/com.st.stm32cube.ide.mcu.externaltools.gnu-tools-for-stm32.7-2018-q2-update.linux64_1.5.0.202011040924/tools/bin/../lib/gcc/arm-none-eabi/7.3.1/../../../../arm-none-eabi/lib/thumb/v7e-m/fpv4-sp/hard/libc_nano.a(lib_a-nano-freer.o)
 .ARM.attributes
                0x0000000000000823       0x34 /opt/st/stm32cubeide_1.5.1/plugins/com.st.stm32cube.ide.mcu.externaltools.gnu-tools-for-stm32.7-2018-q2-update.linux64_1.5.0.202011040924/tools/bin/../lib/gcc/arm-none-eabi/7.3.1/../../../../arm-none-eabi/lib/thumb/v7e-m/fpv4-sp/hard/libc_nano.a(lib_a-nano-msizer.o)
 .ARM.attributes
                0x0000000000000857       0x22 /opt/st/stm32cubeide_1.5.1/plugins/com.st.stm32cube.ide.mcu.externaltools.gnu-tools-for-stm32.7-2018-q2-update.linux64_1.5.0.202011040924/tools/bin/../lib/gcc/arm-none-eabi/7.3.1/thumb/v7e-m/fpv4-sp/hard/crtn.o
OUTPUT(rosserial_test.elf elf32-littlearm)

.debug_info     0x0000000000000000    0x167d9
 .debug_info    0x0000000000000000     0x14a1 Core/Inc/time.o
 .debug_info    0x00000000000014a1     0x1074 Core/Src/main.o
 .debug_info    0x0000000000002515     0x4b00 Core/Src/mainpp.o
 .debug_info    0x0000000000007015      0xe6c Core/Src/stm32f3xx_hal_msp.o
 .debug_info    0x0000000000007e81      0x786 Core/Src/stm32f3xx_it.o
 .debug_info    0x0000000000008607      0xebd Core/Src/syscalls.o
 .debug_info    0x00000000000094c4      0x985 Core/Src/sysmem.o
 .debug_info    0x0000000000009e49      0x45c Core/Src/system_stm32f3xx.o
 .debug_info    0x000000000000a2a5       0x22 Core/Startup/startup_stm32f303k8tx.o
 .debug_info    0x000000000000a2c7      0x758 Drivers/STM32F3xx_HAL_Driver/Src/stm32f3xx_hal.o
 .debug_info    0x000000000000aa1f      0xb54 Drivers/STM32F3xx_HAL_Driver/Src/stm32f3xx_hal_cortex.o
 .debug_info    0x000000000000b573      0x7cb Drivers/STM32F3xx_HAL_Driver/Src/stm32f3xx_hal_dma.o
 .debug_info    0x000000000000bd3e      0x7c1 Drivers/STM32F3xx_HAL_Driver/Src/stm32f3xx_hal_gpio.o
 .debug_info    0x000000000000c4ff     0x180f Drivers/STM32F3xx_HAL_Driver/Src/stm32f3xx_hal_rcc.o
 .debug_info    0x000000000000dd0e     0x2a7a Drivers/STM32F3xx_HAL_Driver/Src/stm32f3xx_hal_tim.o
 .debug_info    0x0000000000010788     0x1500 Drivers/STM32F3xx_HAL_Driver/Src/stm32f3xx_hal_tim_ex.o
 .debug_info    0x0000000000011c88     0x3eee Drivers/STM32F3xx_HAL_Driver/Src/stm32f3xx_hal_uart.o
 .debug_info    0x0000000000015b76      0xc63 Drivers/STM32F3xx_HAL_Driver/Src/stm32f3xx_hal_uart_ex.o

.debug_abbrev   0x0000000000000000     0x2a14
 .debug_abbrev  0x0000000000000000      0x39b Core/Inc/time.o
 .debug_abbrev  0x000000000000039b      0x24a Core/Src/main.o
 .debug_abbrev  0x00000000000005e5      0x7b6 Core/Src/mainpp.o
 .debug_abbrev  0x0000000000000d9b      0x1c0 Core/Src/stm32f3xx_hal_msp.o
 .debug_abbrev  0x0000000000000f5b      0x149 Core/Src/stm32f3xx_it.o
 .debug_abbrev  0x00000000000010a4      0x261 Core/Src/syscalls.o
 .debug_abbrev  0x0000000000001305      0x19b Core/Src/sysmem.o
 .debug_abbrev  0x00000000000014a0      0x12b Core/Src/system_stm32f3xx.o
 .debug_abbrev  0x00000000000015cb       0x12 Core/Startup/startup_stm32f303k8tx.o
 .debug_abbrev  0x00000000000015dd      0x1c7 Drivers/STM32F3xx_HAL_Driver/Src/stm32f3xx_hal.o
 .debug_abbrev  0x00000000000017a4      0x2d5 Drivers/STM32F3xx_HAL_Driver/Src/stm32f3xx_hal_cortex.o
 .debug_abbrev  0x0000000000001a79      0x1fe Drivers/STM32F3xx_HAL_Driver/Src/stm32f3xx_hal_dma.o
 .debug_abbrev  0x0000000000001c77      0x1c0 Drivers/STM32F3xx_HAL_Driver/Src/stm32f3xx_hal_gpio.o
 .debug_abbrev  0x0000000000001e37      0x28c Drivers/STM32F3xx_HAL_Driver/Src/stm32f3xx_hal_rcc.o
 .debug_abbrev  0x00000000000020c3      0x230 Drivers/STM32F3xx_HAL_Driver/Src/stm32f3xx_hal_tim.o
 .debug_abbrev  0x00000000000022f3      0x236 Drivers/STM32F3xx_HAL_Driver/Src/stm32f3xx_hal_tim_ex.o
 .debug_abbrev  0x0000000000002529      0x27f Drivers/STM32F3xx_HAL_Driver/Src/stm32f3xx_hal_uart.o
 .debug_abbrev  0x00000000000027a8      0x26c Drivers/STM32F3xx_HAL_Driver/Src/stm32f3xx_hal_uart_ex.o

.debug_aranges  0x0000000000000000      0xfb8
 .debug_aranges
                0x0000000000000000       0x48 Core/Inc/time.o
 .debug_aranges
                0x0000000000000048       0x50 Core/Src/main.o
 .debug_aranges
                0x0000000000000098      0x220 Core/Src/mainpp.o
 .debug_aranges
                0x00000000000002b8       0x40 Core/Src/stm32f3xx_hal_msp.o
 .debug_aranges
                0x00000000000002f8       0x78 Core/Src/stm32f3xx_it.o
 .debug_aranges
                0x0000000000000370       0xa8 Core/Src/syscalls.o
 .debug_aranges
                0x0000000000000418       0x20 Core/Src/sysmem.o
 .debug_aranges
                0x0000000000000438       0x28 Core/Src/system_stm32f3xx.o
 .debug_aranges
                0x0000000000000460       0x28 Core/Startup/startup_stm32f303k8tx.o
 .debug_aranges
                0x0000000000000488       0xe0 Drivers/STM32F3xx_HAL_Driver/Src/stm32f3xx_hal.o
 .debug_aranges
                0x0000000000000568      0x100 Drivers/STM32F3xx_HAL_Driver/Src/stm32f3xx_hal_cortex.o
 .debug_aranges
                0x0000000000000668       0x88 Drivers/STM32F3xx_HAL_Driver/Src/stm32f3xx_hal_dma.o
 .debug_aranges
                0x00000000000006f0       0x58 Drivers/STM32F3xx_HAL_Driver/Src/stm32f3xx_hal_gpio.o
 .debug_aranges
                0x0000000000000748       0x88 Drivers/STM32F3xx_HAL_Driver/Src/stm32f3xx_hal_rcc.o
 .debug_aranges
                0x00000000000007d0      0x3e0 Drivers/STM32F3xx_HAL_Driver/Src/stm32f3xx_hal_tim.o
 .debug_aranges
                0x0000000000000bb0      0x178 Drivers/STM32F3xx_HAL_Driver/Src/stm32f3xx_hal_tim_ex.o
 .debug_aranges
                0x0000000000000d28      0x228 Drivers/STM32F3xx_HAL_Driver/Src/stm32f3xx_hal_uart.o
 .debug_aranges
                0x0000000000000f50       0x68 Drivers/STM32F3xx_HAL_Driver/Src/stm32f3xx_hal_uart_ex.o

.debug_ranges   0x0000000000000000      0xee8
 .debug_ranges  0x0000000000000000       0x38 Core/Inc/time.o
 .debug_ranges  0x0000000000000038       0x40 Core/Src/main.o
 .debug_ranges  0x0000000000000078      0x228 Core/Src/mainpp.o
 .debug_ranges  0x00000000000002a0       0x30 Core/Src/stm32f3xx_hal_msp.o
 .debug_ranges  0x00000000000002d0       0x68 Core/Src/stm32f3xx_it.o
 .debug_ranges  0x0000000000000338       0x98 Core/Src/syscalls.o
 .debug_ranges  0x00000000000003d0       0x10 Core/Src/sysmem.o
 .debug_ranges  0x00000000000003e0       0x18 Core/Src/system_stm32f3xx.o
 .debug_ranges  0x00000000000003f8       0x20 Core/Startup/startup_stm32f303k8tx.o
 .debug_ranges  0x0000000000000418       0xd0 Drivers/STM32F3xx_HAL_Driver/Src/stm32f3xx_hal.o
 .debug_ranges  0x00000000000004e8       0xf0 Drivers/STM32F3xx_HAL_Driver/Src/stm32f3xx_hal_cortex.o
 .debug_ranges  0x00000000000005d8       0x78 Drivers/STM32F3xx_HAL_Driver/Src/stm32f3xx_hal_dma.o
 .debug_ranges  0x0000000000000650       0x48 Drivers/STM32F3xx_HAL_Driver/Src/stm32f3xx_hal_gpio.o
 .debug_ranges  0x0000000000000698       0x78 Drivers/STM32F3xx_HAL_Driver/Src/stm32f3xx_hal_rcc.o
 .debug_ranges  0x0000000000000710      0x3d0 Drivers/STM32F3xx_HAL_Driver/Src/stm32f3xx_hal_tim.o
 .debug_ranges  0x0000000000000ae0      0x168 Drivers/STM32F3xx_HAL_Driver/Src/stm32f3xx_hal_tim_ex.o
 .debug_ranges  0x0000000000000c48      0x248 Drivers/STM32F3xx_HAL_Driver/Src/stm32f3xx_hal_uart.o
 .debug_ranges  0x0000000000000e90       0x58 Drivers/STM32F3xx_HAL_Driver/Src/stm32f3xx_hal_uart_ex.o

.debug_macro    0x0000000000000000    0x1d3c0
 .debug_macro   0x0000000000000000      0x1b4 Core/Inc/time.o
 .debug_macro   0x00000000000001b4      0x1d5 Core/Src/main.o
 .debug_macro   0x0000000000000389      0xa5a Core/Src/main.o
 .debug_macro   0x0000000000000de3      0x157 Core/Src/main.o
 .debug_macro   0x0000000000000f3a       0x2e Core/Src/main.o
 .debug_macro   0x0000000000000f68       0x28 Core/Src/main.o
 .debug_macro   0x0000000000000f90       0x8e Core/Src/main.o
 .debug_macro   0x000000000000101e       0x51 Core/Src/main.o
 .debug_macro   0x000000000000106f       0x1c Core/Src/main.o
 .debug_macro   0x000000000000108b       0x22 Core/Src/main.o
 .debug_macro   0x00000000000010ad       0xdf Core/Src/main.o
 .debug_macro   0x000000000000118c      0xf07 Core/Src/main.o
 .debug_macro   0x0000000000002093    0x10be0 Core/Src/main.o
 .debug_macro   0x0000000000012c73       0x6d Core/Src/main.o
 .debug_macro   0x0000000000012ce0     0x3540 Core/Src/main.o
 .debug_macro   0x0000000000016220      0x174 Core/Src/main.o
 .debug_macro   0x0000000000016394       0x55 Core/Src/main.o
 .debug_macro   0x00000000000163e9      0x8f9 Core/Src/main.o
 .debug_macro   0x0000000000016ce2      0x304 Core/Src/main.o
 .debug_macro   0x0000000000016fe6      0x1b6 Core/Src/main.o
 .debug_macro   0x000000000001719c      0x11b Core/Src/main.o
 .debug_macro   0x00000000000172b7      0x1d5 Core/Src/main.o
 .debug_macro   0x000000000001748c      0x1bc Core/Src/main.o
 .debug_macro   0x0000000000017648       0x34 Core/Src/main.o
 .debug_macro   0x000000000001767c       0x3c Core/Src/main.o
 .debug_macro   0x00000000000176b8       0x57 Core/Src/main.o
 .debug_macro   0x000000000001770f       0xc5 Core/Src/main.o
 .debug_macro   0x00000000000177d4      0x19f Core/Src/main.o
 .debug_macro   0x0000000000017973      0x22c Core/Src/main.o
 .debug_macro   0x0000000000017b9f       0x5b Core/Src/main.o
 .debug_macro   0x0000000000017bfa       0xa5 Core/Src/main.o
 .debug_macro   0x0000000000017c9f       0x81 Core/Src/main.o
 .debug_macro   0x0000000000017d20       0xd3 Core/Src/main.o
 .debug_macro   0x0000000000017df3      0xa3d Core/Src/main.o
 .debug_macro   0x0000000000018830       0x59 Core/Src/main.o
 .debug_macro   0x0000000000018889      0x5a5 Core/Src/main.o
 .debug_macro   0x0000000000018e2e       0x44 Core/Src/main.o
 .debug_macro   0x0000000000018e72      0x285 Core/Src/main.o
 .debug_macro   0x00000000000190f7       0x40 Core/Src/main.o
 .debug_macro   0x0000000000019137      0x404 Core/Src/mainpp.o
 .debug_macro   0x000000000001953b       0x46 Core/Src/mainpp.o
 .debug_macro   0x0000000000019581       0x10 Core/Src/mainpp.o
 .debug_macro   0x0000000000019591       0x20 Core/Src/mainpp.o
 .debug_macro   0x00000000000195b1       0x10 Core/Src/mainpp.o
 .debug_macro   0x00000000000195c1       0x1c Core/Src/mainpp.o
 .debug_macro   0x00000000000195dd       0xde Core/Src/mainpp.o
 .debug_macro   0x00000000000196bb      0x3cd Core/Src/mainpp.o
 .debug_macro   0x0000000000019a88       0x10 Core/Src/mainpp.o
 .debug_macro   0x0000000000019a98       0xd9 Core/Src/mainpp.o
 .debug_macro   0x0000000000019b71      0xf07 Core/Src/mainpp.o
 .debug_macro   0x000000000001aa78       0x4f Core/Src/mainpp.o
 .debug_macro   0x000000000001aac7      0x1d5 Core/Src/stm32f3xx_hal_msp.o
 .debug_macro   0x000000000001ac9c      0x1df Core/Src/stm32f3xx_it.o
 .debug_macro   0x000000000001ae7b      0x243 Core/Src/syscalls.o
 .debug_macro   0x000000000001b0be       0x34 Core/Src/syscalls.o
 .debug_macro   0x000000000001b0f2      0x330 Core/Src/syscalls.o
 .debug_macro   0x000000000001b422       0x43 Core/Src/syscalls.o
 .debug_macro   0x000000000001b465       0x10 Core/Src/syscalls.o
 .debug_macro   0x000000000001b475       0x35 Core/Src/syscalls.o
 .debug_macro   0x000000000001b4aa       0x10 Core/Src/syscalls.o
 .debug_macro   0x000000000001b4ba       0x10 Core/Src/syscalls.o
 .debug_macro   0x000000000001b4ca       0x10 Core/Src/syscalls.o
 .debug_macro   0x000000000001b4da       0x1c Core/Src/syscalls.o
 .debug_macro   0x000000000001b4f6       0x52 Core/Src/syscalls.o
 .debug_macro   0x000000000001b548       0x40 Core/Src/syscalls.o
 .debug_macro   0x000000000001b588       0x10 Core/Src/syscalls.o
 .debug_macro   0x000000000001b598       0x40 Core/Src/syscalls.o
 .debug_macro   0x000000000001b5d8       0xd7 Core/Src/syscalls.o
 .debug_macro   0x000000000001b6af       0x1c Core/Src/syscalls.o
 .debug_macro   0x000000000001b6cb       0x3d Core/Src/syscalls.o
 .debug_macro   0x000000000001b708       0x35 Core/Src/syscalls.o
 .debug_macro   0x000000000001b73d      0x122 Core/Src/syscalls.o
 .debug_macro   0x000000000001b85f       0x10 Core/Src/syscalls.o
 .debug_macro   0x000000000001b86f      0x241 Core/Src/syscalls.o
 .debug_macro   0x000000000001bab0       0x1c Core/Src/syscalls.o
 .debug_macro   0x000000000001bacc       0x10 Core/Src/syscalls.o
 .debug_macro   0x000000000001badc       0x10 Core/Src/syscalls.o
 .debug_macro   0x000000000001baec       0x16 Core/Src/syscalls.o
 .debug_macro   0x000000000001bb02      0x145 Core/Src/syscalls.o
 .debug_macro   0x000000000001bc47      0x189 Core/Src/syscalls.o
 .debug_macro   0x000000000001bdd0       0x16 Core/Src/syscalls.o
 .debug_macro   0x000000000001bde6       0x88 Core/Src/syscalls.o
 .debug_macro   0x000000000001be6e       0xee Core/Src/sysmem.o
 .debug_macro   0x000000000001bf5c      0x23b Core/Src/sysmem.o
 .debug_macro   0x000000000001c197      0x1c6 Core/Src/system_stm32f3xx.o
 .debug_macro   0x000000000001c35d      0x1ea Drivers/STM32F3xx_HAL_Driver/Src/stm32f3xx_hal.o
 .debug_macro   0x000000000001c547      0x1c6 Drivers/STM32F3xx_HAL_Driver/Src/stm32f3xx_hal_cortex.o
 .debug_macro   0x000000000001c70d      0x1c6 Drivers/STM32F3xx_HAL_Driver/Src/stm32f3xx_hal_dma.o
 .debug_macro   0x000000000001c8d3      0x1cd Drivers/STM32F3xx_HAL_Driver/Src/stm32f3xx_hal_gpio.o
 .debug_macro   0x000000000001caa0      0x1ea Drivers/STM32F3xx_HAL_Driver/Src/stm32f3xx_hal_rcc.o
 .debug_macro   0x000000000001cc8a      0x1c7 Drivers/STM32F3xx_HAL_Driver/Src/stm32f3xx_hal_tim.o
 .debug_macro   0x000000000001ce51      0x1c6 Drivers/STM32F3xx_HAL_Driver/Src/stm32f3xx_hal_tim_ex.o
 .debug_macro   0x000000000001d017      0x1e3 Drivers/STM32F3xx_HAL_Driver/Src/stm32f3xx_hal_uart.o
 .debug_macro   0x000000000001d1fa      0x1c6 Drivers/STM32F3xx_HAL_Driver/Src/stm32f3xx_hal_uart_ex.o

.debug_line     0x0000000000000000     0xdc57
 .debug_line    0x0000000000000000      0x8c4 Core/Inc/time.o
 .debug_line    0x00000000000008c4      0x76b Core/Src/main.o
 .debug_line    0x000000000000102f     0x150a Core/Src/mainpp.o
 .debug_line    0x0000000000002539      0x728 Core/Src/stm32f3xx_hal_msp.o
 .debug_line    0x0000000000002c61      0x797 Core/Src/stm32f3xx_it.o
 .debug_line    0x00000000000033f8      0x711 Core/Src/syscalls.o
 .debug_line    0x0000000000003b09      0x49a Core/Src/sysmem.o
 .debug_line    0x0000000000003fa3      0x6d6 Core/Src/system_stm32f3xx.o
 .debug_line    0x0000000000004679       0x88 Core/Startup/startup_stm32f303k8tx.o
 .debug_line    0x0000000000004701      0x894 Drivers/STM32F3xx_HAL_Driver/Src/stm32f3xx_hal.o
 .debug_line    0x0000000000004f95      0x96b Drivers/STM32F3xx_HAL_Driver/Src/stm32f3xx_hal_cortex.o
 .debug_line    0x0000000000005900      0x8cd Drivers/STM32F3xx_HAL_Driver/Src/stm32f3xx_hal_dma.o
 .debug_line    0x00000000000061cd      0x822 Drivers/STM32F3xx_HAL_Driver/Src/stm32f3xx_hal_gpio.o
 .debug_line    0x00000000000069ef      0xe0c Drivers/STM32F3xx_HAL_Driver/Src/stm32f3xx_hal_rcc.o
 .debug_line    0x00000000000077fb     0x25e6 Drivers/STM32F3xx_HAL_Driver/Src/stm32f3xx_hal_tim.o
 .debug_line    0x0000000000009de1     0x1249 Drivers/STM32F3xx_HAL_Driver/Src/stm32f3xx_hal_tim_ex.o
 .debug_line    0x000000000000b02a     0x2287 Drivers/STM32F3xx_HAL_Driver/Src/stm32f3xx_hal_uart.o
 .debug_line    0x000000000000d2b1      0x9a6 Drivers/STM32F3xx_HAL_Driver/Src/stm32f3xx_hal_uart_ex.o

.debug_str      0x0000000000000000    0xaa97c
 .debug_str     0x0000000000000000     0x9829 Core/Inc/time.o
                                       0x9b96 (size before relaxing)
 .debug_str     0x0000000000009829    0x99f78 Core/Src/main.o
                                      0x9dfe3 (size before relaxing)
 .debug_str     0x00000000000a37a1     0x21ea Core/Src/mainpp.o
                                      0xa5515 (size before relaxing)
 .debug_str     0x00000000000a598b       0x86 Core/Src/stm32f3xx_hal_msp.o
                                      0x9ddec (size before relaxing)
 .debug_str     0x00000000000a5a11      0x101 Core/Src/stm32f3xx_it.o
                                      0x9d77d (size before relaxing)
 .debug_str     0x00000000000a5b12     0x233d Core/Src/syscalls.o
                                       0x8898 (size before relaxing)
 .debug_str     0x00000000000a7e4f       0x6b Core/Src/sysmem.o
                                       0x5f66 (size before relaxing)
 .debug_str     0x00000000000a7eba       0xbd Core/Src/system_stm32f3xx.o
                                      0x9d283 (size before relaxing)
 .debug_str     0x00000000000a7f77       0x36 Core/Startup/startup_stm32f303k8tx.o
                                         0x73 (size before relaxing)
 .debug_str     0x00000000000a7fad      0x312 Drivers/STM32F3xx_HAL_Driver/Src/stm32f3xx_hal.o
                                      0x9d8d1 (size before relaxing)
 .debug_str     0x00000000000a82bf      0x299 Drivers/STM32F3xx_HAL_Driver/Src/stm32f3xx_hal_cortex.o
                                      0x9d8b2 (size before relaxing)
 .debug_str     0x00000000000a8558      0x248 Drivers/STM32F3xx_HAL_Driver/Src/stm32f3xx_hal_dma.o
                                      0x9d5fd (size before relaxing)
 .debug_str     0x00000000000a87a0      0x1af Drivers/STM32F3xx_HAL_Driver/Src/stm32f3xx_hal_gpio.o
                                      0x9d4a0 (size before relaxing)
 .debug_str     0x00000000000a894f      0x2f0 Drivers/STM32F3xx_HAL_Driver/Src/stm32f3xx_hal_rcc.o
                                      0x9d6f1 (size before relaxing)
 .debug_str     0x00000000000a8c3f      0xe02 Drivers/STM32F3xx_HAL_Driver/Src/stm32f3xx_hal_tim.o
                                      0x9e646 (size before relaxing)
 .debug_str     0x00000000000a9a41      0x550 Drivers/STM32F3xx_HAL_Driver/Src/stm32f3xx_hal_tim_ex.o
                                      0x9de4a (size before relaxing)
 .debug_str     0x00000000000a9f91      0x84d Drivers/STM32F3xx_HAL_Driver/Src/stm32f3xx_hal_uart.o
                                      0x9df01 (size before relaxing)
 .debug_str     0x00000000000aa7de      0x19e Drivers/STM32F3xx_HAL_Driver/Src/stm32f3xx_hal_uart_ex.o
                                      0x9d7eb (size before relaxing)

.comment        0x0000000000000000       0x7b
 .comment       0x0000000000000000       0x7b Core/Inc/time.o
                                         0x7c (size before relaxing)
 .comment       0x000000000000007b       0x7c Core/Src/main.o
 .comment       0x000000000000007b       0x7c Core/Src/mainpp.o
 .comment       0x000000000000007b       0x7c Core/Src/stm32f3xx_hal_msp.o
 .comment       0x000000000000007b       0x7c Core/Src/stm32f3xx_it.o
 .comment       0x000000000000007b       0x7c Core/Src/syscalls.o
 .comment       0x000000000000007b       0x7c Core/Src/sysmem.o
 .comment       0x000000000000007b       0x7c Core/Src/system_stm32f3xx.o
 .comment       0x000000000000007b       0x7c Drivers/STM32F3xx_HAL_Driver/Src/stm32f3xx_hal.o
 .comment       0x000000000000007b       0x7c Drivers/STM32F3xx_HAL_Driver/Src/stm32f3xx_hal_cortex.o
 .comment       0x000000000000007b       0x7c Drivers/STM32F3xx_HAL_Driver/Src/stm32f3xx_hal_dma.o
 .comment       0x000000000000007b       0x7c Drivers/STM32F3xx_HAL_Driver/Src/stm32f3xx_hal_gpio.o
 .comment       0x000000000000007b       0x7c Drivers/STM32F3xx_HAL_Driver/Src/stm32f3xx_hal_rcc.o
 .comment       0x000000000000007b       0x7c Drivers/STM32F3xx_HAL_Driver/Src/stm32f3xx_hal_tim.o
 .comment       0x000000000000007b       0x7c Drivers/STM32F3xx_HAL_Driver/Src/stm32f3xx_hal_tim_ex.o
 .comment       0x000000000000007b       0x7c Drivers/STM32F3xx_HAL_Driver/Src/stm32f3xx_hal_uart.o
 .comment       0x000000000000007b       0x7c Drivers/STM32F3xx_HAL_Driver/Src/stm32f3xx_hal_uart_ex.o

.debug_frame    0x0000000000000000     0x463c
 .debug_frame   0x0000000000000000       0xf0 Core/Inc/time.o
 .debug_frame   0x00000000000000f0       0xf0 Core/Src/main.o
 .debug_frame   0x00000000000001e0      0x994 Core/Src/mainpp.o
 .debug_frame   0x0000000000000b74       0xd0 Core/Src/stm32f3xx_hal_msp.o
 .debug_frame   0x0000000000000c44      0x158 Core/Src/stm32f3xx_it.o
 .debug_frame   0x0000000000000d9c      0x2ac Core/Src/syscalls.o
 .debug_frame   0x0000000000001048       0x34 Core/Src/sysmem.o
 .debug_frame   0x000000000000107c       0x58 Core/Src/system_stm32f3xx.o
 .debug_frame   0x00000000000010d4      0x334 Drivers/STM32F3xx_HAL_Driver/Src/stm32f3xx_hal.o
 .debug_frame   0x0000000000001408      0x428 Drivers/STM32F3xx_HAL_Driver/Src/stm32f3xx_hal_cortex.o
 .debug_frame   0x0000000000001830      0x224 Drivers/STM32F3xx_HAL_Driver/Src/stm32f3xx_hal_dma.o
 .debug_frame   0x0000000000001a54      0x14c Drivers/STM32F3xx_HAL_Driver/Src/stm32f3xx_hal_gpio.o
 .debug_frame   0x0000000000001ba0      0x214 Drivers/STM32F3xx_HAL_Driver/Src/stm32f3xx_hal_rcc.o
 .debug_frame   0x0000000000001db4     0x121c Drivers/STM32F3xx_HAL_Driver/Src/stm32f3xx_hal_tim.o
 .debug_frame   0x0000000000002fd0      0x688 Drivers/STM32F3xx_HAL_Driver/Src/stm32f3xx_hal_tim_ex.o
 .debug_frame   0x0000000000003658      0x9e8 Drivers/STM32F3xx_HAL_Driver/Src/stm32f3xx_hal_uart.o
 .debug_frame   0x0000000000004040      0x190 Drivers/STM32F3xx_HAL_Driver/Src/stm32f3xx_hal_uart_ex.o
 .debug_frame   0x00000000000041d0       0x40 /opt/st/stm32cubeide_1.5.1/plugins/com.st.stm32cube.ide.mcu.externaltools.gnu-tools-for-stm32.7-2018-q2-update.linux64_1.5.0.202011040924/tools/bin/../lib/gcc/arm-none-eabi/7.3.1/../../../../arm-none-eabi/lib/thumb/v7e-m/fpv4-sp/hard/libstdc++_nano.a(pure.o)
 .debug_frame   0x0000000000004210       0xb0 /opt/st/stm32cubeide_1.5.1/plugins/com.st.stm32cube.ide.mcu.externaltools.gnu-tools-for-stm32.7-2018-q2-update.linux64_1.5.0.202011040924/tools/bin/../lib/gcc/arm-none-eabi/7.3.1/../../../../arm-none-eabi/lib/thumb/v7e-m/fpv4-sp/hard/libstdc++_nano.a(eh_terminate.o)
 .debug_frame   0x00000000000042c0       0x28 /opt/st/stm32cubeide_1.5.1/plugins/com.st.stm32cube.ide.mcu.externaltools.gnu-tools-for-stm32.7-2018-q2-update.linux64_1.5.0.202011040924/tools/bin/../lib/gcc/arm-none-eabi/7.3.1/../../../../arm-none-eabi/lib/thumb/v7e-m/fpv4-sp/hard/libc_nano.a(lib_a-abort.o)
 .debug_frame   0x00000000000042e8       0x20 /opt/st/stm32cubeide_1.5.1/plugins/com.st.stm32cube.ide.mcu.externaltools.gnu-tools-for-stm32.7-2018-q2-update.linux64_1.5.0.202011040924/tools/bin/../lib/gcc/arm-none-eabi/7.3.1/../../../../arm-none-eabi/lib/thumb/v7e-m/fpv4-sp/hard/libc_nano.a(lib_a-errno.o)
 .debug_frame   0x0000000000004308       0x2c /opt/st/stm32cubeide_1.5.1/plugins/com.st.stm32cube.ide.mcu.externaltools.gnu-tools-for-stm32.7-2018-q2-update.linux64_1.5.0.202011040924/tools/bin/../lib/gcc/arm-none-eabi/7.3.1/../../../../arm-none-eabi/lib/thumb/v7e-m/fpv4-sp/hard/libc_nano.a(lib_a-init.o)
 .debug_frame   0x0000000000004334       0x28 /opt/st/stm32cubeide_1.5.1/plugins/com.st.stm32cube.ide.mcu.externaltools.gnu-tools-for-stm32.7-2018-q2-update.linux64_1.5.0.202011040924/tools/bin/../lib/gcc/arm-none-eabi/7.3.1/../../../../arm-none-eabi/lib/thumb/v7e-m/fpv4-sp/hard/libc_nano.a(lib_a-memcpy-stub.o)
 .debug_frame   0x000000000000435c       0x20 /opt/st/stm32cubeide_1.5.1/plugins/com.st.stm32cube.ide.mcu.externaltools.gnu-tools-for-stm32.7-2018-q2-update.linux64_1.5.0.202011040924/tools/bin/../lib/gcc/arm-none-eabi/7.3.1/../../../../arm-none-eabi/lib/thumb/v7e-m/fpv4-sp/hard/libc_nano.a(lib_a-memset.o)